# serializer version: 1
# name: test_get_reading_israel[False-5749]
  'וילך'
# ---
# name: test_get_reading_israel[False-5749].1
  'האזינו'
# ---
# name: test_get_reading_israel[False-5749].10
  'וישלח'
# ---
# name: test_get_reading_israel[False-5749].11
  'וישב'
# ---
# name: test_get_reading_israel[False-5749].12
  'מקץ'
# ---
# name: test_get_reading_israel[False-5749].13
  'ויגש'
# ---
# name: test_get_reading_israel[False-5749].14
  'ויחי'
# ---
# name: test_get_reading_israel[False-5749].15
  'שמות'
# ---
# name: test_get_reading_israel[False-5749].16
  'וארא'
# ---
# name: test_get_reading_israel[False-5749].17
  'בא'
# ---
# name: test_get_reading_israel[False-5749].18
  'בשלח'
# ---
# name: test_get_reading_israel[False-5749].19
  'יתרו'
# ---
# name: test_get_reading_israel[False-5749].2
  'none'
# ---
# name: test_get_reading_israel[False-5749].20
  'משפטים'
# ---
# name: test_get_reading_israel[False-5749].21
  'תרומה'
# ---
# name: test_get_reading_israel[False-5749].22
  'תצוה'
# ---
# name: test_get_reading_israel[False-5749].23
  'כי תשא'
# ---
# name: test_get_reading_israel[False-5749].24
  'ויקהל'
# ---
# name: test_get_reading_israel[False-5749].25
  'פקודי'
# ---
# name: test_get_reading_israel[False-5749].26
  'ויקרא'
# ---
# name: test_get_reading_israel[False-5749].27
  'צו'
# ---
# name: test_get_reading_israel[False-5749].28
  'שמיני'
# ---
# name: test_get_reading_israel[False-5749].29
  'תזריע'
# ---
# name: test_get_reading_israel[False-5749].3
  'בראשית'
# ---
# name: test_get_reading_israel[False-5749].30
  'מצורע'
# ---
# name: test_get_reading_israel[False-5749].31
  'none'
# ---
# name: test_get_reading_israel[False-5749].32
  'אחרי מות'
# ---
# name: test_get_reading_israel[False-5749].33
  'קדושים'
# ---
# name: test_get_reading_israel[False-5749].34
  'אמור'
# ---
# name: test_get_reading_israel[False-5749].35
  'בהר'
# ---
# name: test_get_reading_israel[False-5749].36
  'בחוקתי'
# ---
# name: test_get_reading_israel[False-5749].37
  'במדבר'
# ---
# name: test_get_reading_israel[False-5749].38
  'נשא'
# ---
# name: test_get_reading_israel[False-5749].39
  'בהעלתך'
# ---
# name: test_get_reading_israel[False-5749].4
  'נח'
# ---
# name: test_get_reading_israel[False-5749].40
  'שלח'
# ---
# name: test_get_reading_israel[False-5749].41
  'קרח'
# ---
# name: test_get_reading_israel[False-5749].42
  'חקת'
# ---
# name: test_get_reading_israel[False-5749].43
  'בלק'
# ---
# name: test_get_reading_israel[False-5749].44
  'פנחס'
# ---
# name: test_get_reading_israel[False-5749].45
  'מטות מסעי'
# ---
# name: test_get_reading_israel[False-5749].46
  'דברים'
# ---
# name: test_get_reading_israel[False-5749].47
  'ואתחנן'
# ---
# name: test_get_reading_israel[False-5749].48
  'עקב'
# ---
# name: test_get_reading_israel[False-5749].49
  'ראה'
# ---
# name: test_get_reading_israel[False-5749].5
  'לך לך'
# ---
# name: test_get_reading_israel[False-5749].50
  'שופטים'
# ---
# name: test_get_reading_israel[False-5749].51
  'כי תצא'
# ---
# name: test_get_reading_israel[False-5749].52
  'כי תבוא'
# ---
# name: test_get_reading_israel[False-5749].53
  'נצבים-וילך'
# ---
# name: test_get_reading_israel[False-5749].6
  'וירא'
# ---
# name: test_get_reading_israel[False-5749].7
  'חיי שרה'
# ---
# name: test_get_reading_israel[False-5749].8
  'תולדות'
# ---
# name: test_get_reading_israel[False-5749].9
  'ויצא'
# ---
# name: test_get_reading_israel[False-5754]
  'האזינו'
# ---
# name: test_get_reading_israel[False-5754].1
  'none'
# ---
# name: test_get_reading_israel[False-5754].10
  'וישלח'
# ---
# name: test_get_reading_israel[False-5754].11
  'וישב'
# ---
# name: test_get_reading_israel[False-5754].12
  'מקץ'
# ---
# name: test_get_reading_israel[False-5754].13
  'ויגש'
# ---
# name: test_get_reading_israel[False-5754].14
  'ויחי'
# ---
# name: test_get_reading_israel[False-5754].15
  'שמות'
# ---
# name: test_get_reading_israel[False-5754].16
  'וארא'
# ---
# name: test_get_reading_israel[False-5754].17
  'בא'
# ---
# name: test_get_reading_israel[False-5754].18
  'בשלח'
# ---
# name: test_get_reading_israel[False-5754].19
  'יתרו'
# ---
# name: test_get_reading_israel[False-5754].2
  'none'
# ---
# name: test_get_reading_israel[False-5754].20
  'משפטים'
# ---
# name: test_get_reading_israel[False-5754].21
  'תרומה'
# ---
# name: test_get_reading_israel[False-5754].22
  'תצוה'
# ---
# name: test_get_reading_israel[False-5754].23
  'כי תשא'
# ---
# name: test_get_reading_israel[False-5754].24
  'ויקהל'
# ---
# name: test_get_reading_israel[False-5754].25
  'פקודי'
# ---
# name: test_get_reading_israel[False-5754].26
  'ויקרא'
# ---
# name: test_get_reading_israel[False-5754].27
  'צו'
# ---
# name: test_get_reading_israel[False-5754].28
  'none'
# ---
# name: test_get_reading_israel[False-5754].29
  'שמיני'
# ---
# name: test_get_reading_israel[False-5754].3
  'בראשית'
# ---
# name: test_get_reading_israel[False-5754].30
  'תזריע-מצורע'
# ---
# name: test_get_reading_israel[False-5754].31
  'אחרי מות-קדושים'
# ---
# name: test_get_reading_israel[False-5754].32
  'אמור'
# ---
# name: test_get_reading_israel[False-5754].33
  'בהר-בחוקתי'
# ---
# name: test_get_reading_israel[False-5754].34
  'במדבר'
# ---
# name: test_get_reading_israel[False-5754].35
  'נשא'
# ---
# name: test_get_reading_israel[False-5754].36
  'בהעלתך'
# ---
# name: test_get_reading_israel[False-5754].37
  'שלח'
# ---
# name: test_get_reading_israel[False-5754].38
  'קרח'
# ---
# name: test_get_reading_israel[False-5754].39
  'חקת'
# ---
# name: test_get_reading_israel[False-5754].4
  'נח'
# ---
# name: test_get_reading_israel[False-5754].40
  'בלק'
# ---
# name: test_get_reading_israel[False-5754].41
  'פנחס'
# ---
# name: test_get_reading_israel[False-5754].42
  'מטות מסעי'
# ---
# name: test_get_reading_israel[False-5754].43
  'דברים'
# ---
# name: test_get_reading_israel[False-5754].44
  'ואתחנן'
# ---
# name: test_get_reading_israel[False-5754].45
  'עקב'
# ---
# name: test_get_reading_israel[False-5754].46
  'ראה'
# ---
# name: test_get_reading_israel[False-5754].47
  'שופטים'
# ---
# name: test_get_reading_israel[False-5754].48
  'כי תצא'
# ---
# name: test_get_reading_israel[False-5754].49
  'כי תבוא'
# ---
# name: test_get_reading_israel[False-5754].5
  'לך לך'
# ---
# name: test_get_reading_israel[False-5754].50
  'נצבים'
# ---
# name: test_get_reading_israel[False-5754].6
  'וירא'
# ---
# name: test_get_reading_israel[False-5754].7
  'חיי שרה'
# ---
# name: test_get_reading_israel[False-5754].8
  'תולדות'
# ---
# name: test_get_reading_israel[False-5754].9
  'ויצא'
# ---
# name: test_get_reading_israel[False-5755]
  'וילך'
# ---
# name: test_get_reading_israel[False-5755].1
  'האזינו'
# ---
# name: test_get_reading_israel[False-5755].10
  'וישלח'
# ---
# name: test_get_reading_israel[False-5755].11
  'וישב'
# ---
# name: test_get_reading_israel[False-5755].12
  'מקץ'
# ---
# name: test_get_reading_israel[False-5755].13
  'ויגש'
# ---
# name: test_get_reading_israel[False-5755].14
  'ויחי'
# ---
# name: test_get_reading_israel[False-5755].15
  'שמות'
# ---
# name: test_get_reading_israel[False-5755].16
  'וארא'
# ---
# name: test_get_reading_israel[False-5755].17
  'בא'
# ---
# name: test_get_reading_israel[False-5755].18
  'בשלח'
# ---
# name: test_get_reading_israel[False-5755].19
  'יתרו'
# ---
# name: test_get_reading_israel[False-5755].2
  'none'
# ---
# name: test_get_reading_israel[False-5755].20
  'משפטים'
# ---
# name: test_get_reading_israel[False-5755].21
  'תרומה'
# ---
# name: test_get_reading_israel[False-5755].22
  'תצוה'
# ---
# name: test_get_reading_israel[False-5755].23
  'כי תשא'
# ---
# name: test_get_reading_israel[False-5755].24
  'ויקהל'
# ---
# name: test_get_reading_israel[False-5755].25
  'פקודי'
# ---
# name: test_get_reading_israel[False-5755].26
  'ויקרא'
# ---
# name: test_get_reading_israel[False-5755].27
  'צו'
# ---
# name: test_get_reading_israel[False-5755].28
  'שמיני'
# ---
# name: test_get_reading_israel[False-5755].29
  'תזריע'
# ---
# name: test_get_reading_israel[False-5755].3
  'בראשית'
# ---
# name: test_get_reading_israel[False-5755].30
  'מצורע'
# ---
# name: test_get_reading_israel[False-5755].31
  'none'
# ---
# name: test_get_reading_israel[False-5755].32
  'אחרי מות'
# ---
# name: test_get_reading_israel[False-5755].33
  'קדושים'
# ---
# name: test_get_reading_israel[False-5755].34
  'אמור'
# ---
# name: test_get_reading_israel[False-5755].35
  'בהר'
# ---
# name: test_get_reading_israel[False-5755].36
  'בחוקתי'
# ---
# name: test_get_reading_israel[False-5755].37
  'במדבר'
# ---
# name: test_get_reading_israel[False-5755].38
  'נשא'
# ---
# name: test_get_reading_israel[False-5755].39
  'בהעלתך'
# ---
# name: test_get_reading_israel[False-5755].4
  'נח'
# ---
# name: test_get_reading_israel[False-5755].40
  'שלח'
# ---
# name: test_get_reading_israel[False-5755].41
  'קרח'
# ---
# name: test_get_reading_israel[False-5755].42
  'חקת'
# ---
# name: test_get_reading_israel[False-5755].43
  'בלק'
# ---
# name: test_get_reading_israel[False-5755].44
  'פנחס'
# ---
# name: test_get_reading_israel[False-5755].45
  'מטות'
# ---
# name: test_get_reading_israel[False-5755].46
  'מסעי'
# ---
# name: test_get_reading_israel[False-5755].47
  'דברים'
# ---
# name: test_get_reading_israel[False-5755].48
  'ואתחנן'
# ---
# name: test_get_reading_israel[False-5755].49
  'עקב'
# ---
# name: test_get_reading_israel[False-5755].5
  'לך לך'
# ---
# name: test_get_reading_israel[False-5755].50
  'ראה'
# ---
# name: test_get_reading_israel[False-5755].51
  'שופטים'
# ---
# name: test_get_reading_israel[False-5755].52
  'כי תצא'
# ---
# name: test_get_reading_israel[False-5755].53
  'כי תבוא'
# ---
# name: test_get_reading_israel[False-5755].54
  'נצבים'
# ---
# name: test_get_reading_israel[False-5755].6
  'וירא'
# ---
# name: test_get_reading_israel[False-5755].7
  'חיי שרה'
# ---
# name: test_get_reading_israel[False-5755].8
  'תולדות'
# ---
# name: test_get_reading_israel[False-5755].9
  'ויצא'
# ---
# name: test_get_reading_israel[False-5756]
  'וילך'
# ---
# name: test_get_reading_israel[False-5756].1
  'האזינו'
# ---
# name: test_get_reading_israel[False-5756].10
  'וישלח'
# ---
# name: test_get_reading_israel[False-5756].11
  'וישב'
# ---
# name: test_get_reading_israel[False-5756].12
  'מקץ'
# ---
# name: test_get_reading_israel[False-5756].13
  'ויגש'
# ---
# name: test_get_reading_israel[False-5756].14
  'ויחי'
# ---
# name: test_get_reading_israel[False-5756].15
  'שמות'
# ---
# name: test_get_reading_israel[False-5756].16
  'וארא'
# ---
# name: test_get_reading_israel[False-5756].17
  'בא'
# ---
# name: test_get_reading_israel[False-5756].18
  'בשלח'
# ---
# name: test_get_reading_israel[False-5756].19
  'יתרו'
# ---
# name: test_get_reading_israel[False-5756].2
  'none'
# ---
# name: test_get_reading_israel[False-5756].20
  'משפטים'
# ---
# name: test_get_reading_israel[False-5756].21
  'תרומה'
# ---
# name: test_get_reading_israel[False-5756].22
  'תצוה'
# ---
# name: test_get_reading_israel[False-5756].23
  'כי תשא'
# ---
# name: test_get_reading_israel[False-5756].24
  'ויקהל-פקודי'
# ---
# name: test_get_reading_israel[False-5756].25
  'ויקרא'
# ---
# name: test_get_reading_israel[False-5756].26
  'צו'
# ---
# name: test_get_reading_israel[False-5756].27
  'none'
# ---
# name: test_get_reading_israel[False-5756].28
  'שמיני'
# ---
# name: test_get_reading_israel[False-5756].29
  'תזריע-מצורע'
# ---
# name: test_get_reading_israel[False-5756].3
  'בראשית'
# ---
# name: test_get_reading_israel[False-5756].30
  'אחרי מות-קדושים'
# ---
# name: test_get_reading_israel[False-5756].31
  'אמור'
# ---
# name: test_get_reading_israel[False-5756].32
  'בהר-בחוקתי'
# ---
# name: test_get_reading_israel[False-5756].33
  'במדבר'
# ---
# name: test_get_reading_israel[False-5756].34
  'נשא'
# ---
# name: test_get_reading_israel[False-5756].35
  'בהעלתך'
# ---
# name: test_get_reading_israel[False-5756].36
  'שלח'
# ---
# name: test_get_reading_israel[False-5756].37
  'קרח'
# ---
# name: test_get_reading_israel[False-5756].38
  'חקת'
# ---
# name: test_get_reading_israel[False-5756].39
  'בלק'
# ---
# name: test_get_reading_israel[False-5756].4
  'נח'
# ---
# name: test_get_reading_israel[False-5756].40
  'פנחס'
# ---
# name: test_get_reading_israel[False-5756].41
  'מטות מסעי'
# ---
# name: test_get_reading_israel[False-5756].42
  'דברים'
# ---
# name: test_get_reading_israel[False-5756].43
  'ואתחנן'
# ---
# name: test_get_reading_israel[False-5756].44
  'עקב'
# ---
# name: test_get_reading_israel[False-5756].45
  'ראה'
# ---
# name: test_get_reading_israel[False-5756].46
  'שופטים'
# ---
# name: test_get_reading_israel[False-5756].47
  'כי תצא'
# ---
# name: test_get_reading_israel[False-5756].48
  'כי תבוא'
# ---
# name: test_get_reading_israel[False-5756].49
  'נצבים-וילך'
# ---
# name: test_get_reading_israel[False-5756].5
  'לך לך'
# ---
# name: test_get_reading_israel[False-5756].6
  'וירא'
# ---
# name: test_get_reading_israel[False-5756].7
  'חיי שרה'
# ---
# name: test_get_reading_israel[False-5756].8
  'תולדות'
# ---
# name: test_get_reading_israel[False-5756].9
  'ויצא'
# ---
# name: test_get_reading_israel[False-5757]
  'none'
# ---
# name: test_get_reading_israel[False-5757].1
  'האזינו'
# ---
# name: test_get_reading_israel[False-5757].10
  'ויצא'
# ---
# name: test_get_reading_israel[False-5757].11
  'וישלח'
# ---
# name: test_get_reading_israel[False-5757].12
  'וישב'
# ---
# name: test_get_reading_israel[False-5757].13
  'מקץ'
# ---
# name: test_get_reading_israel[False-5757].14
  'ויגש'
# ---
# name: test_get_reading_israel[False-5757].15
  'ויחי'
# ---
# name: test_get_reading_israel[False-5757].16
  'שמות'
# ---
# name: test_get_reading_israel[False-5757].17
  'וארא'
# ---
# name: test_get_reading_israel[False-5757].18
  'בא'
# ---
# name: test_get_reading_israel[False-5757].19
  'בשלח'
# ---
# name: test_get_reading_israel[False-5757].2
  'none'
# ---
# name: test_get_reading_israel[False-5757].20
  'יתרו'
# ---
# name: test_get_reading_israel[False-5757].21
  'משפטים'
# ---
# name: test_get_reading_israel[False-5757].22
  'תרומה'
# ---
# name: test_get_reading_israel[False-5757].23
  'תצוה'
# ---
# name: test_get_reading_israel[False-5757].24
  'כי תשא'
# ---
# name: test_get_reading_israel[False-5757].25
  'ויקהל'
# ---
# name: test_get_reading_israel[False-5757].26
  'פקודי'
# ---
# name: test_get_reading_israel[False-5757].27
  'ויקרא'
# ---
# name: test_get_reading_israel[False-5757].28
  'צו'
# ---
# name: test_get_reading_israel[False-5757].29
  'שמיני'
# ---
# name: test_get_reading_israel[False-5757].3
  'וזאת הברכה'
# ---
# name: test_get_reading_israel[False-5757].30
  'תזריע'
# ---
# name: test_get_reading_israel[False-5757].31
  'מצורע'
# ---
# name: test_get_reading_israel[False-5757].32
  'none'
# ---
# name: test_get_reading_israel[False-5757].33
  'אחרי מות'
# ---
# name: test_get_reading_israel[False-5757].34
  'קדושים'
# ---
# name: test_get_reading_israel[False-5757].35
  'אמור'
# ---
# name: test_get_reading_israel[False-5757].36
  'בהר'
# ---
# name: test_get_reading_israel[False-5757].37
  'בחוקתי'
# ---
# name: test_get_reading_israel[False-5757].38
  'במדבר'
# ---
# name: test_get_reading_israel[False-5757].39
  'נשא'
# ---
# name: test_get_reading_israel[False-5757].4
  'בראשית'
# ---
# name: test_get_reading_israel[False-5757].40
  'בהעלתך'
# ---
# name: test_get_reading_israel[False-5757].41
  'שלח'
# ---
# name: test_get_reading_israel[False-5757].42
  'קרח'
# ---
# name: test_get_reading_israel[False-5757].43
  'חקת'
# ---
# name: test_get_reading_israel[False-5757].44
  'בלק'
# ---
# name: test_get_reading_israel[False-5757].45
  'פנחס'
# ---
# name: test_get_reading_israel[False-5757].46
  'מטות מסעי'
# ---
# name: test_get_reading_israel[False-5757].47
  'דברים'
# ---
# name: test_get_reading_israel[False-5757].48
  'ואתחנן'
# ---
# name: test_get_reading_israel[False-5757].49
  'עקב'
# ---
# name: test_get_reading_israel[False-5757].5
  'נח'
# ---
# name: test_get_reading_israel[False-5757].50
  'ראה'
# ---
# name: test_get_reading_israel[False-5757].51
  'שופטים'
# ---
# name: test_get_reading_israel[False-5757].52
  'כי תצא'
# ---
# name: test_get_reading_israel[False-5757].53
  'כי תבוא'
# ---
# name: test_get_reading_israel[False-5757].54
  'נצבים-וילך'
# ---
# name: test_get_reading_israel[False-5757].6
  'לך לך'
# ---
# name: test_get_reading_israel[False-5757].7
  'וירא'
# ---
# name: test_get_reading_israel[False-5757].8
  'חיי שרה'
# ---
# name: test_get_reading_israel[False-5757].9
  'תולדות'
# ---
# name: test_get_reading_israel[False-5761]
  'none'
# ---
# name: test_get_reading_israel[False-5761].1
  'האזינו'
# ---
# name: test_get_reading_israel[False-5761].10
  'ויצא'
# ---
# name: test_get_reading_israel[False-5761].11
  'וישלח'
# ---
# name: test_get_reading_israel[False-5761].12
  'וישב'
# ---
# name: test_get_reading_israel[False-5761].13
  'מקץ'
# ---
# name: test_get_reading_israel[False-5761].14
  'ויגש'
# ---
# name: test_get_reading_israel[False-5761].15
  'ויחי'
# ---
# name: test_get_reading_israel[False-5761].16
  'שמות'
# ---
# name: test_get_reading_israel[False-5761].17
  'וארא'
# ---
# name: test_get_reading_israel[False-5761].18
  'בא'
# ---
# name: test_get_reading_israel[False-5761].19
  'בשלח'
# ---
# name: test_get_reading_israel[False-5761].2
  'none'
# ---
# name: test_get_reading_israel[False-5761].20
  'יתרו'
# ---
# name: test_get_reading_israel[False-5761].21
  'משפטים'
# ---
# name: test_get_reading_israel[False-5761].22
  'תרומה'
# ---
# name: test_get_reading_israel[False-5761].23
  'תצוה'
# ---
# name: test_get_reading_israel[False-5761].24
  'כי תשא'
# ---
# name: test_get_reading_israel[False-5761].25
  'ויקהל-פקודי'
# ---
# name: test_get_reading_israel[False-5761].26
  'ויקרא'
# ---
# name: test_get_reading_israel[False-5761].27
  'צו'
# ---
# name: test_get_reading_israel[False-5761].28
  'none'
# ---
# name: test_get_reading_israel[False-5761].29
  'שמיני'
# ---
# name: test_get_reading_israel[False-5761].3
  'וזאת הברכה'
# ---
# name: test_get_reading_israel[False-5761].30
  'תזריע-מצורע'
# ---
# name: test_get_reading_israel[False-5761].31
  'אחרי מות-קדושים'
# ---
# name: test_get_reading_israel[False-5761].32
  'אמור'
# ---
# name: test_get_reading_israel[False-5761].33
  'בהר-בחוקתי'
# ---
# name: test_get_reading_israel[False-5761].34
  'במדבר'
# ---
# name: test_get_reading_israel[False-5761].35
  'נשא'
# ---
# name: test_get_reading_israel[False-5761].36
  'בהעלתך'
# ---
# name: test_get_reading_israel[False-5761].37
  'שלח'
# ---
# name: test_get_reading_israel[False-5761].38
  'קרח'
# ---
# name: test_get_reading_israel[False-5761].39
  'חקת'
# ---
# name: test_get_reading_israel[False-5761].4
  'בראשית'
# ---
# name: test_get_reading_israel[False-5761].40
  'בלק'
# ---
# name: test_get_reading_israel[False-5761].41
  'פנחס'
# ---
# name: test_get_reading_israel[False-5761].42
  'מטות מסעי'
# ---
# name: test_get_reading_israel[False-5761].43
  'דברים'
# ---
# name: test_get_reading_israel[False-5761].44
  'ואתחנן'
# ---
# name: test_get_reading_israel[False-5761].45
  'עקב'
# ---
# name: test_get_reading_israel[False-5761].46
  'ראה'
# ---
# name: test_get_reading_israel[False-5761].47
  'שופטים'
# ---
# name: test_get_reading_israel[False-5761].48
  'כי תצא'
# ---
# name: test_get_reading_israel[False-5761].49
  'כי תבוא'
# ---
# name: test_get_reading_israel[False-5761].5
  'נח'
# ---
# name: test_get_reading_israel[False-5761].50
  'נצבים'
# ---
# name: test_get_reading_israel[False-5761].6
  'לך לך'
# ---
# name: test_get_reading_israel[False-5761].7
  'וירא'
# ---
# name: test_get_reading_israel[False-5761].8
  'חיי שרה'
# ---
# name: test_get_reading_israel[False-5761].9
  'תולדות'
# ---
# name: test_get_reading_israel[False-5763]
  'none'
# ---
# name: test_get_reading_israel[False-5763].1
  'האזינו'
# ---
# name: test_get_reading_israel[False-5763].10
  'ויצא'
# ---
# name: test_get_reading_israel[False-5763].11
  'וישלח'
# ---
# name: test_get_reading_israel[False-5763].12
  'וישב'
# ---
# name: test_get_reading_israel[False-5763].13
  'מקץ'
# ---
# name: test_get_reading_israel[False-5763].14
  'ויגש'
# ---
# name: test_get_reading_israel[False-5763].15
  'ויחי'
# ---
# name: test_get_reading_israel[False-5763].16
  'שמות'
# ---
# name: test_get_reading_israel[False-5763].17
  'וארא'
# ---
# name: test_get_reading_israel[False-5763].18
  'בא'
# ---
# name: test_get_reading_israel[False-5763].19
  'בשלח'
# ---
# name: test_get_reading_israel[False-5763].2
  'none'
# ---
# name: test_get_reading_israel[False-5763].20
  'יתרו'
# ---
# name: test_get_reading_israel[False-5763].21
  'משפטים'
# ---
# name: test_get_reading_israel[False-5763].22
  'תרומה'
# ---
# name: test_get_reading_israel[False-5763].23
  'תצוה'
# ---
# name: test_get_reading_israel[False-5763].24
  'כי תשא'
# ---
# name: test_get_reading_israel[False-5763].25
  'ויקהל'
# ---
# name: test_get_reading_israel[False-5763].26
  'פקודי'
# ---
# name: test_get_reading_israel[False-5763].27
  'ויקרא'
# ---
# name: test_get_reading_israel[False-5763].28
  'צו'
# ---
# name: test_get_reading_israel[False-5763].29
  'שמיני'
# ---
# name: test_get_reading_israel[False-5763].3
  'וזאת הברכה'
# ---
# name: test_get_reading_israel[False-5763].30
  'תזריע'
# ---
# name: test_get_reading_israel[False-5763].31
  'מצורע'
# ---
# name: test_get_reading_israel[False-5763].32
  'none'
# ---
# name: test_get_reading_israel[False-5763].33
  'אחרי מות'
# ---
# name: test_get_reading_israel[False-5763].34
  'קדושים'
# ---
# name: test_get_reading_israel[False-5763].35
  'אמור'
# ---
# name: test_get_reading_israel[False-5763].36
  'בהר'
# ---
# name: test_get_reading_israel[False-5763].37
  'בחוקתי'
# ---
# name: test_get_reading_israel[False-5763].38
  'במדבר'
# ---
# name: test_get_reading_israel[False-5763].39
  'נשא'
# ---
# name: test_get_reading_israel[False-5763].4
  'בראשית'
# ---
# name: test_get_reading_israel[False-5763].40
  'בהעלתך'
# ---
# name: test_get_reading_israel[False-5763].41
  'שלח'
# ---
# name: test_get_reading_israel[False-5763].42
  'קרח'
# ---
# name: test_get_reading_israel[False-5763].43
  'חקת'
# ---
# name: test_get_reading_israel[False-5763].44
  'בלק'
# ---
# name: test_get_reading_israel[False-5763].45
  'פנחס'
# ---
# name: test_get_reading_israel[False-5763].46
  'מטות מסעי'
# ---
# name: test_get_reading_israel[False-5763].47
  'דברים'
# ---
# name: test_get_reading_israel[False-5763].48
  'ואתחנן'
# ---
# name: test_get_reading_israel[False-5763].49
  'עקב'
# ---
# name: test_get_reading_israel[False-5763].5
  'נח'
# ---
# name: test_get_reading_israel[False-5763].50
  'ראה'
# ---
# name: test_get_reading_israel[False-5763].51
  'שופטים'
# ---
# name: test_get_reading_israel[False-5763].52
  'כי תצא'
# ---
# name: test_get_reading_israel[False-5763].53
  'כי תבוא'
# ---
# name: test_get_reading_israel[False-5763].54
  'נצבים-וילך'
# ---
# name: test_get_reading_israel[False-5763].6
  'לך לך'
# ---
# name: test_get_reading_israel[False-5763].7
  'וירא'
# ---
# name: test_get_reading_israel[False-5763].8
  'חיי שרה'
# ---
# name: test_get_reading_israel[False-5763].9
  'תולדות'
# ---
# name: test_get_reading_israel[False-5768]
  'האזינו'
# ---
# name: test_get_reading_israel[False-5768].1
  'none'
# ---
# name: test_get_reading_israel[False-5768].10
  'וישלח'
# ---
# name: test_get_reading_israel[False-5768].11
  'וישב'
# ---
# name: test_get_reading_israel[False-5768].12
  'מקץ'
# ---
# name: test_get_reading_israel[False-5768].13
  'ויגש'
# ---
# name: test_get_reading_israel[False-5768].14
  'ויחי'
# ---
# name: test_get_reading_israel[False-5768].15
  'שמות'
# ---
# name: test_get_reading_israel[False-5768].16
  'וארא'
# ---
# name: test_get_reading_israel[False-5768].17
  'בא'
# ---
# name: test_get_reading_israel[False-5768].18
  'בשלח'
# ---
# name: test_get_reading_israel[False-5768].19
  'יתרו'
# ---
# name: test_get_reading_israel[False-5768].2
  'none'
# ---
# name: test_get_reading_israel[False-5768].20
  'משפטים'
# ---
# name: test_get_reading_israel[False-5768].21
  'תרומה'
# ---
# name: test_get_reading_israel[False-5768].22
  'תצוה'
# ---
# name: test_get_reading_israel[False-5768].23
  'כי תשא'
# ---
# name: test_get_reading_israel[False-5768].24
  'ויקהל'
# ---
# name: test_get_reading_israel[False-5768].25
  'פקודי'
# ---
# name: test_get_reading_israel[False-5768].26
  'ויקרא'
# ---
# name: test_get_reading_israel[False-5768].27
  'צו'
# ---
# name: test_get_reading_israel[False-5768].28
  'שמיני'
# ---
# name: test_get_reading_israel[False-5768].29
  'תזריע'
# ---
# name: test_get_reading_israel[False-5768].3
  'בראשית'
# ---
# name: test_get_reading_israel[False-5768].30
  'מצורע'
# ---
# name: test_get_reading_israel[False-5768].31
  'אחרי מות'
# ---
# name: test_get_reading_israel[False-5768].32
  'none'
# ---
# name: test_get_reading_israel[False-5768].33
  'קדושים'
# ---
# name: test_get_reading_israel[False-5768].34
  'אמור'
# ---
# name: test_get_reading_israel[False-5768].35
  'בהר'
# ---
# name: test_get_reading_israel[False-5768].36
  'בחוקתי'
# ---
# name: test_get_reading_israel[False-5768].37
  'במדבר'
# ---
# name: test_get_reading_israel[False-5768].38
  'נשא'
# ---
# name: test_get_reading_israel[False-5768].39
  'בהעלתך'
# ---
# name: test_get_reading_israel[False-5768].4
  'נח'
# ---
# name: test_get_reading_israel[False-5768].40
  'שלח'
# ---
# name: test_get_reading_israel[False-5768].41
  'קרח'
# ---
# name: test_get_reading_israel[False-5768].42
  'חקת'
# ---
# name: test_get_reading_israel[False-5768].43
  'בלק'
# ---
# name: test_get_reading_israel[False-5768].44
  'פנחס'
# ---
# name: test_get_reading_israel[False-5768].45
  'מטות'
# ---
# name: test_get_reading_israel[False-5768].46
  'מסעי'
# ---
# name: test_get_reading_israel[False-5768].47
  'דברים'
# ---
# name: test_get_reading_israel[False-5768].48
  'ואתחנן'
# ---
# name: test_get_reading_israel[False-5768].49
  'עקב'
# ---
# name: test_get_reading_israel[False-5768].5
  'לך לך'
# ---
# name: test_get_reading_israel[False-5768].50
  'ראה'
# ---
# name: test_get_reading_israel[False-5768].51
  'שופטים'
# ---
# name: test_get_reading_israel[False-5768].52
  'כי תצא'
# ---
# name: test_get_reading_israel[False-5768].53
  'כי תבוא'
# ---
# name: test_get_reading_israel[False-5768].54
  'נצבים'
# ---
# name: test_get_reading_israel[False-5768].6
  'וירא'
# ---
# name: test_get_reading_israel[False-5768].7
  'חיי שרה'
# ---
# name: test_get_reading_israel[False-5768].8
  'תולדות'
# ---
# name: test_get_reading_israel[False-5768].9
  'ויצא'
# ---
# name: test_get_reading_israel[False-5769]
  'וילך'
# ---
# name: test_get_reading_israel[False-5769].1
  'האזינו'
# ---
# name: test_get_reading_israel[False-5769].10
  'וישלח'
# ---
# name: test_get_reading_israel[False-5769].11
  'וישב'
# ---
# name: test_get_reading_israel[False-5769].12
  'מקץ'
# ---
# name: test_get_reading_israel[False-5769].13
  'ויגש'
# ---
# name: test_get_reading_israel[False-5769].14
  'ויחי'
# ---
# name: test_get_reading_israel[False-5769].15
  'שמות'
# ---
# name: test_get_reading_israel[False-5769].16
  'וארא'
# ---
# name: test_get_reading_israel[False-5769].17
  'בא'
# ---
# name: test_get_reading_israel[False-5769].18
  'בשלח'
# ---
# name: test_get_reading_israel[False-5769].19
  'יתרו'
# ---
# name: test_get_reading_israel[False-5769].2
  'none'
# ---
# name: test_get_reading_israel[False-5769].20
  'משפטים'
# ---
# name: test_get_reading_israel[False-5769].21
  'תרומה'
# ---
# name: test_get_reading_israel[False-5769].22
  'תצוה'
# ---
# name: test_get_reading_israel[False-5769].23
  'כי תשא'
# ---
# name: test_get_reading_israel[False-5769].24
  'ויקהל-פקודי'
# ---
# name: test_get_reading_israel[False-5769].25
  'ויקרא'
# ---
# name: test_get_reading_israel[False-5769].26
  'צו'
# ---
# name: test_get_reading_israel[False-5769].27
  'none'
# ---
# name: test_get_reading_israel[False-5769].28
  'שמיני'
# ---
# name: test_get_reading_israel[False-5769].29
  'תזריע-מצורע'
# ---
# name: test_get_reading_israel[False-5769].3
  'בראשית'
# ---
# name: test_get_reading_israel[False-5769].30
  'אחרי מות-קדושים'
# ---
# name: test_get_reading_israel[False-5769].31
  'אמור'
# ---
# name: test_get_reading_israel[False-5769].32
  'בהר-בחוקתי'
# ---
# name: test_get_reading_israel[False-5769].33
  'במדבר'
# ---
# name: test_get_reading_israel[False-5769].34
  'נשא'
# ---
# name: test_get_reading_israel[False-5769].35
  'בהעלתך'
# ---
# name: test_get_reading_israel[False-5769].36
  'שלח'
# ---
# name: test_get_reading_israel[False-5769].37
  'קרח'
# ---
# name: test_get_reading_israel[False-5769].38
  'חקת'
# ---
# name: test_get_reading_israel[False-5769].39
  'בלק'
# ---
# name: test_get_reading_israel[False-5769].4
  'נח'
# ---
# name: test_get_reading_israel[False-5769].40
  'פנחס'
# ---
# name: test_get_reading_israel[False-5769].41
  'מטות מסעי'
# ---
# name: test_get_reading_israel[False-5769].42
  'דברים'
# ---
# name: test_get_reading_israel[False-5769].43
  'ואתחנן'
# ---
# name: test_get_reading_israel[False-5769].44
  'עקב'
# ---
# name: test_get_reading_israel[False-5769].45
  'ראה'
# ---
# name: test_get_reading_israel[False-5769].46
  'שופטים'
# ---
# name: test_get_reading_israel[False-5769].47
  'כי תצא'
# ---
# name: test_get_reading_israel[False-5769].48
  'כי תבוא'
# ---
# name: test_get_reading_israel[False-5769].49
  'נצבים-וילך'
# ---
# name: test_get_reading_israel[False-5769].5
  'לך לך'
# ---
# name: test_get_reading_israel[False-5769].6
  'וירא'
# ---
# name: test_get_reading_israel[False-5769].7
  'חיי שרה'
# ---
# name: test_get_reading_israel[False-5769].8
  'תולדות'
# ---
# name: test_get_reading_israel[False-5769].9
  'ויצא'
# ---
# name: test_get_reading_israel[False-5770]
  'none'
# ---
# name: test_get_reading_israel[False-5770].1
  'האזינו'
# ---
# name: test_get_reading_israel[False-5770].10
  'ויצא'
# ---
# name: test_get_reading_israel[False-5770].11
  'וישלח'
# ---
# name: test_get_reading_israel[False-5770].12
  'וישב'
# ---
# name: test_get_reading_israel[False-5770].13
  'מקץ'
# ---
# name: test_get_reading_israel[False-5770].14
  'ויגש'
# ---
# name: test_get_reading_israel[False-5770].15
  'ויחי'
# ---
# name: test_get_reading_israel[False-5770].16
  'שמות'
# ---
# name: test_get_reading_israel[False-5770].17
  'וארא'
# ---
# name: test_get_reading_israel[False-5770].18
  'בא'
# ---
# name: test_get_reading_israel[False-5770].19
  'בשלח'
# ---
# name: test_get_reading_israel[False-5770].2
  'none'
# ---
# name: test_get_reading_israel[False-5770].20
  'יתרו'
# ---
# name: test_get_reading_israel[False-5770].21
  'משפטים'
# ---
# name: test_get_reading_israel[False-5770].22
  'תרומה'
# ---
# name: test_get_reading_israel[False-5770].23
  'תצוה'
# ---
# name: test_get_reading_israel[False-5770].24
  'כי תשא'
# ---
# name: test_get_reading_israel[False-5770].25
  'ויקהל-פקודי'
# ---
# name: test_get_reading_israel[False-5770].26
  'ויקרא'
# ---
# name: test_get_reading_israel[False-5770].27
  'צו'
# ---
# name: test_get_reading_israel[False-5770].28
  'none'
# ---
# name: test_get_reading_israel[False-5770].29
  'שמיני'
# ---
# name: test_get_reading_israel[False-5770].3
  'וזאת הברכה'
# ---
# name: test_get_reading_israel[False-5770].30
  'תזריע-מצורע'
# ---
# name: test_get_reading_israel[False-5770].31
  'אחרי מות-קדושים'
# ---
# name: test_get_reading_israel[False-5770].32
  'אמור'
# ---
# name: test_get_reading_israel[False-5770].33
  'בהר-בחוקתי'
# ---
# name: test_get_reading_israel[False-5770].34
  'במדבר'
# ---
# name: test_get_reading_israel[False-5770].35
  'נשא'
# ---
# name: test_get_reading_israel[False-5770].36
  'בהעלתך'
# ---
# name: test_get_reading_israel[False-5770].37
  'שלח'
# ---
# name: test_get_reading_israel[False-5770].38
  'קרח'
# ---
# name: test_get_reading_israel[False-5770].39
  'חקת'
# ---
# name: test_get_reading_israel[False-5770].4
  'בראשית'
# ---
# name: test_get_reading_israel[False-5770].40
  'בלק'
# ---
# name: test_get_reading_israel[False-5770].41
  'פנחס'
# ---
# name: test_get_reading_israel[False-5770].42
  'מטות מסעי'
# ---
# name: test_get_reading_israel[False-5770].43
  'דברים'
# ---
# name: test_get_reading_israel[False-5770].44
  'ואתחנן'
# ---
# name: test_get_reading_israel[False-5770].45
  'עקב'
# ---
# name: test_get_reading_israel[False-5770].46
  'ראה'
# ---
# name: test_get_reading_israel[False-5770].47
  'שופטים'
# ---
# name: test_get_reading_israel[False-5770].48
  'כי תצא'
# ---
# name: test_get_reading_israel[False-5770].49
  'כי תבוא'
# ---
# name: test_get_reading_israel[False-5770].5
  'נח'
# ---
# name: test_get_reading_israel[False-5770].50
  'נצבים-וילך'
# ---
# name: test_get_reading_israel[False-5770].6
  'לך לך'
# ---
# name: test_get_reading_israel[False-5770].7
  'וירא'
# ---
# name: test_get_reading_israel[False-5770].8
  'חיי שרה'
# ---
# name: test_get_reading_israel[False-5770].9
  'תולדות'
# ---
# name: test_get_reading_israel[False-5774]
  'האזינו'
# ---
# name: test_get_reading_israel[False-5774].1
  'none'
# ---
# name: test_get_reading_israel[False-5774].10
  'וישלח'
# ---
# name: test_get_reading_israel[False-5774].11
  'וישב'
# ---
# name: test_get_reading_israel[False-5774].12
  'מקץ'
# ---
# name: test_get_reading_israel[False-5774].13
  'ויגש'
# ---
# name: test_get_reading_israel[False-5774].14
  'ויחי'
# ---
# name: test_get_reading_israel[False-5774].15
  'שמות'
# ---
# name: test_get_reading_israel[False-5774].16
  'וארא'
# ---
# name: test_get_reading_israel[False-5774].17
  'בא'
# ---
# name: test_get_reading_israel[False-5774].18
  'בשלח'
# ---
# name: test_get_reading_israel[False-5774].19
  'יתרו'
# ---
# name: test_get_reading_israel[False-5774].2
  'none'
# ---
# name: test_get_reading_israel[False-5774].20
  'משפטים'
# ---
# name: test_get_reading_israel[False-5774].21
  'תרומה'
# ---
# name: test_get_reading_israel[False-5774].22
  'תצוה'
# ---
# name: test_get_reading_israel[False-5774].23
  'כי תשא'
# ---
# name: test_get_reading_israel[False-5774].24
  'ויקהל'
# ---
# name: test_get_reading_israel[False-5774].25
  'פקודי'
# ---
# name: test_get_reading_israel[False-5774].26
  'ויקרא'
# ---
# name: test_get_reading_israel[False-5774].27
  'צו'
# ---
# name: test_get_reading_israel[False-5774].28
  'שמיני'
# ---
# name: test_get_reading_israel[False-5774].29
  'תזריע'
# ---
# name: test_get_reading_israel[False-5774].3
  'בראשית'
# ---
# name: test_get_reading_israel[False-5774].30
  'מצורע'
# ---
# name: test_get_reading_israel[False-5774].31
  'אחרי מות'
# ---
# name: test_get_reading_israel[False-5774].32
  'none'
# ---
# name: test_get_reading_israel[False-5774].33
  'קדושים'
# ---
# name: test_get_reading_israel[False-5774].34
  'אמור'
# ---
# name: test_get_reading_israel[False-5774].35
  'בהר'
# ---
# name: test_get_reading_israel[False-5774].36
  'בחוקתי'
# ---
# name: test_get_reading_israel[False-5774].37
  'במדבר'
# ---
# name: test_get_reading_israel[False-5774].38
  'נשא'
# ---
# name: test_get_reading_israel[False-5774].39
  'בהעלתך'
# ---
# name: test_get_reading_israel[False-5774].4
  'נח'
# ---
# name: test_get_reading_israel[False-5774].40
  'שלח'
# ---
# name: test_get_reading_israel[False-5774].41
  'קרח'
# ---
# name: test_get_reading_israel[False-5774].42
  'חקת'
# ---
# name: test_get_reading_israel[False-5774].43
  'בלק'
# ---
# name: test_get_reading_israel[False-5774].44
  'פנחס'
# ---
# name: test_get_reading_israel[False-5774].45
  'מטות'
# ---
# name: test_get_reading_israel[False-5774].46
  'מסעי'
# ---
# name: test_get_reading_israel[False-5774].47
  'דברים'
# ---
# name: test_get_reading_israel[False-5774].48
  'ואתחנן'
# ---
# name: test_get_reading_israel[False-5774].49
  'עקב'
# ---
# name: test_get_reading_israel[False-5774].5
  'לך לך'
# ---
# name: test_get_reading_israel[False-5774].50
  'ראה'
# ---
# name: test_get_reading_israel[False-5774].51
  'שופטים'
# ---
# name: test_get_reading_israel[False-5774].52
  'כי תצא'
# ---
# name: test_get_reading_israel[False-5774].53
  'כי תבוא'
# ---
# name: test_get_reading_israel[False-5774].54
  'נצבים-וילך'
# ---
# name: test_get_reading_israel[False-5774].6
  'וירא'
# ---
# name: test_get_reading_israel[False-5774].7
  'חיי שרה'
# ---
# name: test_get_reading_israel[False-5774].8
  'תולדות'
# ---
# name: test_get_reading_israel[False-5774].9
  'ויצא'
# ---
# name: test_get_reading_israel[False-5775]
  'האזינו'
# ---
# name: test_get_reading_israel[False-5775].1
  'none'
# ---
# name: test_get_reading_israel[False-5775].10
  'וישלח'
# ---
# name: test_get_reading_israel[False-5775].11
  'וישב'
# ---
# name: test_get_reading_israel[False-5775].12
  'מקץ'
# ---
# name: test_get_reading_israel[False-5775].13
  'ויגש'
# ---
# name: test_get_reading_israel[False-5775].14
  'ויחי'
# ---
# name: test_get_reading_israel[False-5775].15
  'שמות'
# ---
# name: test_get_reading_israel[False-5775].16
  'וארא'
# ---
# name: test_get_reading_israel[False-5775].17
  'בא'
# ---
# name: test_get_reading_israel[False-5775].18
  'בשלח'
# ---
# name: test_get_reading_israel[False-5775].19
  'יתרו'
# ---
# name: test_get_reading_israel[False-5775].2
  'none'
# ---
# name: test_get_reading_israel[False-5775].20
  'משפטים'
# ---
# name: test_get_reading_israel[False-5775].21
  'תרומה'
# ---
# name: test_get_reading_israel[False-5775].22
  'תצוה'
# ---
# name: test_get_reading_israel[False-5775].23
  'כי תשא'
# ---
# name: test_get_reading_israel[False-5775].24
  'ויקהל-פקודי'
# ---
# name: test_get_reading_israel[False-5775].25
  'ויקרא'
# ---
# name: test_get_reading_israel[False-5775].26
  'צו'
# ---
# name: test_get_reading_israel[False-5775].27
  'none'
# ---
# name: test_get_reading_israel[False-5775].28
  'שמיני'
# ---
# name: test_get_reading_israel[False-5775].29
  'תזריע-מצורע'
# ---
# name: test_get_reading_israel[False-5775].3
  'בראשית'
# ---
# name: test_get_reading_israel[False-5775].30
  'אחרי מות-קדושים'
# ---
# name: test_get_reading_israel[False-5775].31
  'אמור'
# ---
# name: test_get_reading_israel[False-5775].32
  'בהר'
# ---
# name: test_get_reading_israel[False-5775].33
  'בחוקתי'
# ---
# name: test_get_reading_israel[False-5775].34
  'במדבר'
# ---
# name: test_get_reading_israel[False-5775].35
  'נשא'
# ---
# name: test_get_reading_israel[False-5775].36
  'בהעלתך'
# ---
# name: test_get_reading_israel[False-5775].37
  'שלח'
# ---
# name: test_get_reading_israel[False-5775].38
  'קרח'
# ---
# name: test_get_reading_israel[False-5775].39
  'חקת'
# ---
# name: test_get_reading_israel[False-5775].4
  'נח'
# ---
# name: test_get_reading_israel[False-5775].40
  'בלק'
# ---
# name: test_get_reading_israel[False-5775].41
  'פנחס'
# ---
# name: test_get_reading_israel[False-5775].42
  'מטות מסעי'
# ---
# name: test_get_reading_israel[False-5775].43
  'דברים'
# ---
# name: test_get_reading_israel[False-5775].44
  'ואתחנן'
# ---
# name: test_get_reading_israel[False-5775].45
  'עקב'
# ---
# name: test_get_reading_israel[False-5775].46
  'ראה'
# ---
# name: test_get_reading_israel[False-5775].47
  'שופטים'
# ---
# name: test_get_reading_israel[False-5775].48
  'כי תצא'
# ---
# name: test_get_reading_israel[False-5775].49
  'כי תבוא'
# ---
# name: test_get_reading_israel[False-5775].5
  'לך לך'
# ---
# name: test_get_reading_israel[False-5775].50
  'נצבים'
# ---
# name: test_get_reading_israel[False-5775].6
  'וירא'
# ---
# name: test_get_reading_israel[False-5775].7
  'חיי שרה'
# ---
# name: test_get_reading_israel[False-5775].8
  'תולדות'
# ---
# name: test_get_reading_israel[False-5775].9
  'ויצא'
# ---
# name: test_get_reading_israel[False-5776]
  'וילך'
# ---
# name: test_get_reading_israel[False-5776].1
  'האזינו'
# ---
# name: test_get_reading_israel[False-5776].10
  'וישלח'
# ---
# name: test_get_reading_israel[False-5776].11
  'וישב'
# ---
# name: test_get_reading_israel[False-5776].12
  'מקץ'
# ---
# name: test_get_reading_israel[False-5776].13
  'ויגש'
# ---
# name: test_get_reading_israel[False-5776].14
  'ויחי'
# ---
# name: test_get_reading_israel[False-5776].15
  'שמות'
# ---
# name: test_get_reading_israel[False-5776].16
  'וארא'
# ---
# name: test_get_reading_israel[False-5776].17
  'בא'
# ---
# name: test_get_reading_israel[False-5776].18
  'בשלח'
# ---
# name: test_get_reading_israel[False-5776].19
  'יתרו'
# ---
# name: test_get_reading_israel[False-5776].2
  'none'
# ---
# name: test_get_reading_israel[False-5776].20
  'משפטים'
# ---
# name: test_get_reading_israel[False-5776].21
  'תרומה'
# ---
# name: test_get_reading_israel[False-5776].22
  'תצוה'
# ---
# name: test_get_reading_israel[False-5776].23
  'כי תשא'
# ---
# name: test_get_reading_israel[False-5776].24
  'ויקהל'
# ---
# name: test_get_reading_israel[False-5776].25
  'פקודי'
# ---
# name: test_get_reading_israel[False-5776].26
  'ויקרא'
# ---
# name: test_get_reading_israel[False-5776].27
  'צו'
# ---
# name: test_get_reading_israel[False-5776].28
  'שמיני'
# ---
# name: test_get_reading_israel[False-5776].29
  'תזריע'
# ---
# name: test_get_reading_israel[False-5776].3
  'בראשית'
# ---
# name: test_get_reading_israel[False-5776].30
  'מצורע'
# ---
# name: test_get_reading_israel[False-5776].31
  'none'
# ---
# name: test_get_reading_israel[False-5776].32
  'אחרי מות'
# ---
# name: test_get_reading_israel[False-5776].33
  'קדושים'
# ---
# name: test_get_reading_israel[False-5776].34
  'אמור'
# ---
# name: test_get_reading_israel[False-5776].35
  'בהר'
# ---
# name: test_get_reading_israel[False-5776].36
  'בחוקתי'
# ---
# name: test_get_reading_israel[False-5776].37
  'במדבר'
# ---
# name: test_get_reading_israel[False-5776].38
  'נשא'
# ---
# name: test_get_reading_israel[False-5776].39
  'בהעלתך'
# ---
# name: test_get_reading_israel[False-5776].4
  'נח'
# ---
# name: test_get_reading_israel[False-5776].40
  'שלח'
# ---
# name: test_get_reading_israel[False-5776].41
  'קרח'
# ---
# name: test_get_reading_israel[False-5776].42
  'חקת'
# ---
# name: test_get_reading_israel[False-5776].43
  'בלק'
# ---
# name: test_get_reading_israel[False-5776].44
  'פנחס'
# ---
# name: test_get_reading_israel[False-5776].45
  'מטות'
# ---
# name: test_get_reading_israel[False-5776].46
  'מסעי'
# ---
# name: test_get_reading_israel[False-5776].47
  'דברים'
# ---
# name: test_get_reading_israel[False-5776].48
  'ואתחנן'
# ---
# name: test_get_reading_israel[False-5776].49
  'עקב'
# ---
# name: test_get_reading_israel[False-5776].5
  'לך לך'
# ---
# name: test_get_reading_israel[False-5776].50
  'ראה'
# ---
# name: test_get_reading_israel[False-5776].51
  'שופטים'
# ---
# name: test_get_reading_israel[False-5776].52
  'כי תצא'
# ---
# name: test_get_reading_israel[False-5776].53
  'כי תבוא'
# ---
# name: test_get_reading_israel[False-5776].54
  'נצבים'
# ---
# name: test_get_reading_israel[False-5776].6
  'וירא'
# ---
# name: test_get_reading_israel[False-5776].7
  'חיי שרה'
# ---
# name: test_get_reading_israel[False-5776].8
  'תולדות'
# ---
# name: test_get_reading_israel[False-5776].9
  'ויצא'
# ---
# name: test_get_reading_israel[False-5777]
  'וילך'
# ---
# name: test_get_reading_israel[False-5777].1
  'האזינו'
# ---
# name: test_get_reading_israel[False-5777].10
  'וישלח'
# ---
# name: test_get_reading_israel[False-5777].11
  'וישב'
# ---
# name: test_get_reading_israel[False-5777].12
  'מקץ'
# ---
# name: test_get_reading_israel[False-5777].13
  'ויגש'
# ---
# name: test_get_reading_israel[False-5777].14
  'ויחי'
# ---
# name: test_get_reading_israel[False-5777].15
  'שמות'
# ---
# name: test_get_reading_israel[False-5777].16
  'וארא'
# ---
# name: test_get_reading_israel[False-5777].17
  'בא'
# ---
# name: test_get_reading_israel[False-5777].18
  'בשלח'
# ---
# name: test_get_reading_israel[False-5777].19
  'יתרו'
# ---
# name: test_get_reading_israel[False-5777].2
  'none'
# ---
# name: test_get_reading_israel[False-5777].20
  'משפטים'
# ---
# name: test_get_reading_israel[False-5777].21
  'תרומה'
# ---
# name: test_get_reading_israel[False-5777].22
  'תצוה'
# ---
# name: test_get_reading_israel[False-5777].23
  'כי תשא'
# ---
# name: test_get_reading_israel[False-5777].24
  'ויקהל-פקודי'
# ---
# name: test_get_reading_israel[False-5777].25
  'ויקרא'
# ---
# name: test_get_reading_israel[False-5777].26
  'צו'
# ---
# name: test_get_reading_israel[False-5777].27
  'none'
# ---
# name: test_get_reading_israel[False-5777].28
  'שמיני'
# ---
# name: test_get_reading_israel[False-5777].29
  'תזריע-מצורע'
# ---
# name: test_get_reading_israel[False-5777].3
  'בראשית'
# ---
# name: test_get_reading_israel[False-5777].30
  'אחרי מות-קדושים'
# ---
# name: test_get_reading_israel[False-5777].31
  'אמור'
# ---
# name: test_get_reading_israel[False-5777].32
  'בהר-בחוקתי'
# ---
# name: test_get_reading_israel[False-5777].33
  'במדבר'
# ---
# name: test_get_reading_israel[False-5777].34
  'נשא'
# ---
# name: test_get_reading_israel[False-5777].35
  'בהעלתך'
# ---
# name: test_get_reading_israel[False-5777].36
  'שלח'
# ---
# name: test_get_reading_israel[False-5777].37
  'קרח'
# ---
# name: test_get_reading_israel[False-5777].38
  'חקת'
# ---
# name: test_get_reading_israel[False-5777].39
  'בלק'
# ---
# name: test_get_reading_israel[False-5777].4
  'נח'
# ---
# name: test_get_reading_israel[False-5777].40
  'פנחס'
# ---
# name: test_get_reading_israel[False-5777].41
  'מטות מסעי'
# ---
# name: test_get_reading_israel[False-5777].42
  'דברים'
# ---
# name: test_get_reading_israel[False-5777].43
  'ואתחנן'
# ---
# name: test_get_reading_israel[False-5777].44
  'עקב'
# ---
# name: test_get_reading_israel[False-5777].45
  'ראה'
# ---
# name: test_get_reading_israel[False-5777].46
  'שופטים'
# ---
# name: test_get_reading_israel[False-5777].47
  'כי תצא'
# ---
# name: test_get_reading_israel[False-5777].48
  'כי תבוא'
# ---
# name: test_get_reading_israel[False-5777].49
  'נצבים-וילך'
# ---
# name: test_get_reading_israel[False-5777].5
  'לך לך'
# ---
# name: test_get_reading_israel[False-5777].6
  'וירא'
# ---
# name: test_get_reading_israel[False-5777].7
  'חיי שרה'
# ---
# name: test_get_reading_israel[False-5777].8
  'תולדות'
# ---
# name: test_get_reading_israel[False-5777].9
  'ויצא'
# ---
# name: test_get_reading_israel[False-5778]
  'האזינו'
# ---
# name: test_get_reading_israel[False-5778].1
  'none'
# ---
# name: test_get_reading_israel[False-5778].10
  'וישלח'
# ---
# name: test_get_reading_israel[False-5778].11
  'וישב'
# ---
# name: test_get_reading_israel[False-5778].12
  'מקץ'
# ---
# name: test_get_reading_israel[False-5778].13
  'ויגש'
# ---
# name: test_get_reading_israel[False-5778].14
  'ויחי'
# ---
# name: test_get_reading_israel[False-5778].15
  'שמות'
# ---
# name: test_get_reading_israel[False-5778].16
  'וארא'
# ---
# name: test_get_reading_israel[False-5778].17
  'בא'
# ---
# name: test_get_reading_israel[False-5778].18
  'בשלח'
# ---
# name: test_get_reading_israel[False-5778].19
  'יתרו'
# ---
# name: test_get_reading_israel[False-5778].2
  'none'
# ---
# name: test_get_reading_israel[False-5778].20
  'משפטים'
# ---
# name: test_get_reading_israel[False-5778].21
  'תרומה'
# ---
# name: test_get_reading_israel[False-5778].22
  'תצוה'
# ---
# name: test_get_reading_israel[False-5778].23
  'כי תשא'
# ---
# name: test_get_reading_israel[False-5778].24
  'ויקהל-פקודי'
# ---
# name: test_get_reading_israel[False-5778].25
  'ויקרא'
# ---
# name: test_get_reading_israel[False-5778].26
  'צו'
# ---
# name: test_get_reading_israel[False-5778].27
  'none'
# ---
# name: test_get_reading_israel[False-5778].28
  'שמיני'
# ---
# name: test_get_reading_israel[False-5778].29
  'תזריע-מצורע'
# ---
# name: test_get_reading_israel[False-5778].3
  'בראשית'
# ---
# name: test_get_reading_israel[False-5778].30
  'אחרי מות-קדושים'
# ---
# name: test_get_reading_israel[False-5778].31
  'אמור'
# ---
# name: test_get_reading_israel[False-5778].32
  'בהר'
# ---
# name: test_get_reading_israel[False-5778].33
  'בחוקתי'
# ---
# name: test_get_reading_israel[False-5778].34
  'במדבר'
# ---
# name: test_get_reading_israel[False-5778].35
  'נשא'
# ---
# name: test_get_reading_israel[False-5778].36
  'בהעלתך'
# ---
# name: test_get_reading_israel[False-5778].37
  'שלח'
# ---
# name: test_get_reading_israel[False-5778].38
  'קרח'
# ---
# name: test_get_reading_israel[False-5778].39
  'חקת'
# ---
# name: test_get_reading_israel[False-5778].4
  'נח'
# ---
# name: test_get_reading_israel[False-5778].40
  'בלק'
# ---
# name: test_get_reading_israel[False-5778].41
  'פנחס'
# ---
# name: test_get_reading_israel[False-5778].42
  'מטות מסעי'
# ---
# name: test_get_reading_israel[False-5778].43
  'דברים'
# ---
# name: test_get_reading_israel[False-5778].44
  'ואתחנן'
# ---
# name: test_get_reading_israel[False-5778].45
  'עקב'
# ---
# name: test_get_reading_israel[False-5778].46
  'ראה'
# ---
# name: test_get_reading_israel[False-5778].47
  'שופטים'
# ---
# name: test_get_reading_israel[False-5778].48
  'כי תצא'
# ---
# name: test_get_reading_israel[False-5778].49
  'כי תבוא'
# ---
# name: test_get_reading_israel[False-5778].5
  'לך לך'
# ---
# name: test_get_reading_israel[False-5778].50
  'נצבים'
# ---
# name: test_get_reading_israel[False-5778].6
  'וירא'
# ---
# name: test_get_reading_israel[False-5778].7
  'חיי שרה'
# ---
# name: test_get_reading_israel[False-5778].8
  'תולדות'
# ---
# name: test_get_reading_israel[False-5778].9
  'ויצא'
# ---
# name: test_get_reading_israel[True-5749]
  'וילך'
# ---
# name: test_get_reading_israel[True-5749].1
  'האזינו'
# ---
# name: test_get_reading_israel[True-5749].10
  'וישלח'
# ---
# name: test_get_reading_israel[True-5749].11
  'וישב'
# ---
# name: test_get_reading_israel[True-5749].12
  'מקץ'
# ---
# name: test_get_reading_israel[True-5749].13
  'ויגש'
# ---
# name: test_get_reading_israel[True-5749].14
  'ויחי'
# ---
# name: test_get_reading_israel[True-5749].15
  'שמות'
# ---
# name: test_get_reading_israel[True-5749].16
  'וארא'
# ---
# name: test_get_reading_israel[True-5749].17
  'בא'
# ---
# name: test_get_reading_israel[True-5749].18
  'בשלח'
# ---
# name: test_get_reading_israel[True-5749].19
  'יתרו'
# ---
# name: test_get_reading_israel[True-5749].2
  'none'
# ---
# name: test_get_reading_israel[True-5749].20
  'משפטים'
# ---
# name: test_get_reading_israel[True-5749].21
  'תרומה'
# ---
# name: test_get_reading_israel[True-5749].22
  'תצוה'
# ---
# name: test_get_reading_israel[True-5749].23
  'כי תשא'
# ---
# name: test_get_reading_israel[True-5749].24
  'ויקהל'
# ---
# name: test_get_reading_israel[True-5749].25
  'פקודי'
# ---
# name: test_get_reading_israel[True-5749].26
  'ויקרא'
# ---
# name: test_get_reading_israel[True-5749].27
  'צו'
# ---
# name: test_get_reading_israel[True-5749].28
  'שמיני'
# ---
# name: test_get_reading_israel[True-5749].29
  'תזריע'
# ---
# name: test_get_reading_israel[True-5749].3
  'בראשית'
# ---
# name: test_get_reading_israel[True-5749].30
  'מצורע'
# ---
# name: test_get_reading_israel[True-5749].31
  'none'
# ---
# name: test_get_reading_israel[True-5749].32
  'אחרי מות'
# ---
# name: test_get_reading_israel[True-5749].33
  'קדושים'
# ---
# name: test_get_reading_israel[True-5749].34
  'אמור'
# ---
# name: test_get_reading_israel[True-5749].35
  'בהר'
# ---
# name: test_get_reading_israel[True-5749].36
  'בחוקתי'
# ---
# name: test_get_reading_israel[True-5749].37
  'במדבר'
# ---
# name: test_get_reading_israel[True-5749].38
  'none'
# ---
# name: test_get_reading_israel[True-5749].39
  'נשא'
# ---
# name: test_get_reading_israel[True-5749].4
  'נח'
# ---
# name: test_get_reading_israel[True-5749].40
  'בהעלתך'
# ---
# name: test_get_reading_israel[True-5749].41
  'שלח'
# ---
# name: test_get_reading_israel[True-5749].42
  'קרח'
# ---
# name: test_get_reading_israel[True-5749].43
  'חוקת-בלק'
# ---
# name: test_get_reading_israel[True-5749].44
  'פנחס'
# ---
# name: test_get_reading_israel[True-5749].45
  'מטות מסעי'
# ---
# name: test_get_reading_israel[True-5749].46
  'דברים'
# ---
# name: test_get_reading_israel[True-5749].47
  'ואתחנן'
# ---
# name: test_get_reading_israel[True-5749].48
  'עקב'
# ---
# name: test_get_reading_israel[True-5749].49
  'ראה'
# ---
# name: test_get_reading_israel[True-5749].5
  'לך לך'
# ---
# name: test_get_reading_israel[True-5749].50
  'שופטים'
# ---
# name: test_get_reading_israel[True-5749].51
  'כי תצא'
# ---
# name: test_get_reading_israel[True-5749].52
  'כי תבוא'
# ---
# name: test_get_reading_israel[True-5749].53
  'נצבים-וילך'
# ---
# name: test_get_reading_israel[True-5749].6
  'וירא'
# ---
# name: test_get_reading_israel[True-5749].7
  'חיי שרה'
# ---
# name: test_get_reading_israel[True-5749].8
  'תולדות'
# ---
# name: test_get_reading_israel[True-5749].9
  'ויצא'
# ---
# name: test_get_reading_israel[True-5754]
  'האזינו'
# ---
# name: test_get_reading_israel[True-5754].1
  'none'
# ---
# name: test_get_reading_israel[True-5754].10
  'וישלח'
# ---
# name: test_get_reading_israel[True-5754].11
  'וישב'
# ---
# name: test_get_reading_israel[True-5754].12
  'מקץ'
# ---
# name: test_get_reading_israel[True-5754].13
  'ויגש'
# ---
# name: test_get_reading_israel[True-5754].14
  'ויחי'
# ---
# name: test_get_reading_israel[True-5754].15
  'שמות'
# ---
# name: test_get_reading_israel[True-5754].16
  'וארא'
# ---
# name: test_get_reading_israel[True-5754].17
  'בא'
# ---
# name: test_get_reading_israel[True-5754].18
  'בשלח'
# ---
# name: test_get_reading_israel[True-5754].19
  'יתרו'
# ---
# name: test_get_reading_israel[True-5754].2
  'none'
# ---
# name: test_get_reading_israel[True-5754].20
  'משפטים'
# ---
# name: test_get_reading_israel[True-5754].21
  'תרומה'
# ---
# name: test_get_reading_israel[True-5754].22
  'תצוה'
# ---
# name: test_get_reading_israel[True-5754].23
  'כי תשא'
# ---
# name: test_get_reading_israel[True-5754].24
  'ויקהל'
# ---
# name: test_get_reading_israel[True-5754].25
  'פקודי'
# ---
# name: test_get_reading_israel[True-5754].26
  'ויקרא'
# ---
# name: test_get_reading_israel[True-5754].27
  'צו'
# ---
# name: test_get_reading_israel[True-5754].28
  'none'
# ---
# name: test_get_reading_israel[True-5754].29
  'שמיני'
# ---
# name: test_get_reading_israel[True-5754].3
  'בראשית'
# ---
# name: test_get_reading_israel[True-5754].30
  'תזריע-מצורע'
# ---
# name: test_get_reading_israel[True-5754].31
  'אחרי מות-קדושים'
# ---
# name: test_get_reading_israel[True-5754].32
  'אמור'
# ---
# name: test_get_reading_israel[True-5754].33
  'בהר-בחוקתי'
# ---
# name: test_get_reading_israel[True-5754].34
  'במדבר'
# ---
# name: test_get_reading_israel[True-5754].35
  'נשא'
# ---
# name: test_get_reading_israel[True-5754].36
  'בהעלתך'
# ---
# name: test_get_reading_israel[True-5754].37
  'שלח'
# ---
# name: test_get_reading_israel[True-5754].38
  'קרח'
# ---
# name: test_get_reading_israel[True-5754].39
  'חקת'
# ---
# name: test_get_reading_israel[True-5754].4
  'נח'
# ---
# name: test_get_reading_israel[True-5754].40
  'בלק'
# ---
# name: test_get_reading_israel[True-5754].41
  'פנחס'
# ---
# name: test_get_reading_israel[True-5754].42
  'מטות מסעי'
# ---
# name: test_get_reading_israel[True-5754].43
  'דברים'
# ---
# name: test_get_reading_israel[True-5754].44
  'ואתחנן'
# ---
# name: test_get_reading_israel[True-5754].45
  'עקב'
# ---
# name: test_get_reading_israel[True-5754].46
  'ראה'
# ---
# name: test_get_reading_israel[True-5754].47
  'שופטים'
# ---
# name: test_get_reading_israel[True-5754].48
  'כי תצא'
# ---
# name: test_get_reading_israel[True-5754].49
  'כי תבוא'
# ---
# name: test_get_reading_israel[True-5754].5
  'לך לך'
# ---
# name: test_get_reading_israel[True-5754].50
  'נצבים'
# ---
# name: test_get_reading_israel[True-5754].6
  'וירא'
# ---
# name: test_get_reading_israel[True-5754].7
  'חיי שרה'
# ---
# name: test_get_reading_israel[True-5754].8
  'תולדות'
# ---
# name: test_get_reading_israel[True-5754].9
  'ויצא'
# ---
# name: test_get_reading_israel[True-5755]
  'וילך'
# ---
# name: test_get_reading_israel[True-5755].1
  'האזינו'
# ---
# name: test_get_reading_israel[True-5755].10
  'וישלח'
# ---
# name: test_get_reading_israel[True-5755].11
  'וישב'
# ---
# name: test_get_reading_israel[True-5755].12
  'מקץ'
# ---
# name: test_get_reading_israel[True-5755].13
  'ויגש'
# ---
# name: test_get_reading_israel[True-5755].14
  'ויחי'
# ---
# name: test_get_reading_israel[True-5755].15
  'שמות'
# ---
# name: test_get_reading_israel[True-5755].16
  'וארא'
# ---
# name: test_get_reading_israel[True-5755].17
  'בא'
# ---
# name: test_get_reading_israel[True-5755].18
  'בשלח'
# ---
# name: test_get_reading_israel[True-5755].19
  'יתרו'
# ---
# name: test_get_reading_israel[True-5755].2
  'none'
# ---
# name: test_get_reading_israel[True-5755].20
  'משפטים'
# ---
# name: test_get_reading_israel[True-5755].21
  'תרומה'
# ---
# name: test_get_reading_israel[True-5755].22
  'תצוה'
# ---
# name: test_get_reading_israel[True-5755].23
  'כי תשא'
# ---
# name: test_get_reading_israel[True-5755].24
  'ויקהל'
# ---
# name: test_get_reading_israel[True-5755].25
  'פקודי'
# ---
# name: test_get_reading_israel[True-5755].26
  'ויקרא'
# ---
# name: test_get_reading_israel[True-5755].27
  'צו'
# ---
# name: test_get_reading_israel[True-5755].28
  'שמיני'
# ---
# name: test_get_reading_israel[True-5755].29
  'תזריע'
# ---
# name: test_get_reading_israel[True-5755].3
  'בראשית'
# ---
# name: test_get_reading_israel[True-5755].30
  'מצורע'
# ---
# name: test_get_reading_israel[True-5755].31
  'none'
# ---
# name: test_get_reading_israel[True-5755].32
  'none'
# ---
# name: test_get_reading_israel[True-5755].33
  'אחרי מות'
# ---
# name: test_get_reading_israel[True-5755].34
  'קדושים'
# ---
# name: test_get_reading_israel[True-5755].35
  'אמור'
# ---
# name: test_get_reading_israel[True-5755].36
  'בהר'
# ---
# name: test_get_reading_israel[True-5755].37
  'בחוקתי'
# ---
# name: test_get_reading_israel[True-5755].38
  'במדבר'
# ---
# name: test_get_reading_israel[True-5755].39
  'נשא'
# ---
# name: test_get_reading_israel[True-5755].4
  'נח'
# ---
# name: test_get_reading_israel[True-5755].40
  'בהעלתך'
# ---
# name: test_get_reading_israel[True-5755].41
  'שלח'
# ---
# name: test_get_reading_israel[True-5755].42
  'קרח'
# ---
# name: test_get_reading_israel[True-5755].43
  'חקת'
# ---
# name: test_get_reading_israel[True-5755].44
  'בלק'
# ---
# name: test_get_reading_israel[True-5755].45
  'פנחס'
# ---
# name: test_get_reading_israel[True-5755].46
  'מטות מסעי'
# ---
# name: test_get_reading_israel[True-5755].47
  'דברים'
# ---
# name: test_get_reading_israel[True-5755].48
  'ואתחנן'
# ---
# name: test_get_reading_israel[True-5755].49
  'עקב'
# ---
# name: test_get_reading_israel[True-5755].5
  'לך לך'
# ---
# name: test_get_reading_israel[True-5755].50
  'ראה'
# ---
# name: test_get_reading_israel[True-5755].51
  'שופטים'
# ---
# name: test_get_reading_israel[True-5755].52
  'כי תצא'
# ---
# name: test_get_reading_israel[True-5755].53
  'כי תבוא'
# ---
# name: test_get_reading_israel[True-5755].54
  'נצבים'
# ---
# name: test_get_reading_israel[True-5755].6
  'וירא'
# ---
# name: test_get_reading_israel[True-5755].7
  'חיי שרה'
# ---
# name: test_get_reading_israel[True-5755].8
  'תולדות'
# ---
# name: test_get_reading_israel[True-5755].9
  'ויצא'
# ---
# name: test_get_reading_israel[True-5756]
  'וילך'
# ---
# name: test_get_reading_israel[True-5756].1
  'האזינו'
# ---
# name: test_get_reading_israel[True-5756].10
  'וישלח'
# ---
# name: test_get_reading_israel[True-5756].11
  'וישב'
# ---
# name: test_get_reading_israel[True-5756].12
  'מקץ'
# ---
# name: test_get_reading_israel[True-5756].13
  'ויגש'
# ---
# name: test_get_reading_israel[True-5756].14
  'ויחי'
# ---
# name: test_get_reading_israel[True-5756].15
  'שמות'
# ---
# name: test_get_reading_israel[True-5756].16
  'וארא'
# ---
# name: test_get_reading_israel[True-5756].17
  'בא'
# ---
# name: test_get_reading_israel[True-5756].18
  'בשלח'
# ---
# name: test_get_reading_israel[True-5756].19
  'יתרו'
# ---
# name: test_get_reading_israel[True-5756].2
  'none'
# ---
# name: test_get_reading_israel[True-5756].20
  'משפטים'
# ---
# name: test_get_reading_israel[True-5756].21
  'תרומה'
# ---
# name: test_get_reading_israel[True-5756].22
  'תצוה'
# ---
# name: test_get_reading_israel[True-5756].23
  'כי תשא'
# ---
# name: test_get_reading_israel[True-5756].24
  'ויקהל-פקודי'
# ---
# name: test_get_reading_israel[True-5756].25
  'ויקרא'
# ---
# name: test_get_reading_israel[True-5756].26
  'צו'
# ---
# name: test_get_reading_israel[True-5756].27
  'none'
# ---
# name: test_get_reading_israel[True-5756].28
  'שמיני'
# ---
# name: test_get_reading_israel[True-5756].29
  'תזריע-מצורע'
# ---
# name: test_get_reading_israel[True-5756].3
  'בראשית'
# ---
# name: test_get_reading_israel[True-5756].30
  'אחרי מות-קדושים'
# ---
# name: test_get_reading_israel[True-5756].31
  'אמור'
# ---
# name: test_get_reading_israel[True-5756].32
  'בהר-בחוקתי'
# ---
# name: test_get_reading_israel[True-5756].33
  'במדבר'
# ---
# name: test_get_reading_israel[True-5756].34
  'none'
# ---
# name: test_get_reading_israel[True-5756].35
  'נשא'
# ---
# name: test_get_reading_israel[True-5756].36
  'בהעלתך'
# ---
# name: test_get_reading_israel[True-5756].37
  'שלח'
# ---
# name: test_get_reading_israel[True-5756].38
  'קרח'
# ---
# name: test_get_reading_israel[True-5756].39
  'חוקת-בלק'
# ---
# name: test_get_reading_israel[True-5756].4
  'נח'
# ---
# name: test_get_reading_israel[True-5756].40
  'פנחס'
# ---
# name: test_get_reading_israel[True-5756].41
  'מטות מסעי'
# ---
# name: test_get_reading_israel[True-5756].42
  'דברים'
# ---
# name: test_get_reading_israel[True-5756].43
  'ואתחנן'
# ---
# name: test_get_reading_israel[True-5756].44
  'עקב'
# ---
# name: test_get_reading_israel[True-5756].45
  'ראה'
# ---
# name: test_get_reading_israel[True-5756].46
  'שופטים'
# ---
# name: test_get_reading_israel[True-5756].47
  'כי תצא'
# ---
# name: test_get_reading_israel[True-5756].48
  'כי תבוא'
# ---
# name: test_get_reading_israel[True-5756].49
  'נצבים-וילך'
# ---
# name: test_get_reading_israel[True-5756].5
  'לך לך'
# ---
# name: test_get_reading_israel[True-5756].6
  'וירא'
# ---
# name: test_get_reading_israel[True-5756].7
  'חיי שרה'
# ---
# name: test_get_reading_israel[True-5756].8
  'תולדות'
# ---
# name: test_get_reading_israel[True-5756].9
  'ויצא'
# ---
# name: test_get_reading_israel[True-5757]
  'none'
# ---
# name: test_get_reading_israel[True-5757].1
  'האזינו'
# ---
# name: test_get_reading_israel[True-5757].10
  'ויצא'
# ---
# name: test_get_reading_israel[True-5757].11
  'וישלח'
# ---
# name: test_get_reading_israel[True-5757].12
  'וישב'
# ---
# name: test_get_reading_israel[True-5757].13
  'מקץ'
# ---
# name: test_get_reading_israel[True-5757].14
  'ויגש'
# ---
# name: test_get_reading_israel[True-5757].15
  'ויחי'
# ---
# name: test_get_reading_israel[True-5757].16
  'שמות'
# ---
# name: test_get_reading_israel[True-5757].17
  'וארא'
# ---
# name: test_get_reading_israel[True-5757].18
  'בא'
# ---
# name: test_get_reading_israel[True-5757].19
  'בשלח'
# ---
# name: test_get_reading_israel[True-5757].2
  'none'
# ---
# name: test_get_reading_israel[True-5757].20
  'יתרו'
# ---
# name: test_get_reading_israel[True-5757].21
  'משפטים'
# ---
# name: test_get_reading_israel[True-5757].22
  'תרומה'
# ---
# name: test_get_reading_israel[True-5757].23
  'תצוה'
# ---
# name: test_get_reading_israel[True-5757].24
  'כי תשא'
# ---
# name: test_get_reading_israel[True-5757].25
  'ויקהל'
# ---
# name: test_get_reading_israel[True-5757].26
  'פקודי'
# ---
# name: test_get_reading_israel[True-5757].27
  'ויקרא'
# ---
# name: test_get_reading_israel[True-5757].28
  'צו'
# ---
# name: test_get_reading_israel[True-5757].29
  'שמיני'
# ---
# name: test_get_reading_israel[True-5757].3
  'none'
# ---
# name: test_get_reading_israel[True-5757].30
  'תזריע'
# ---
# name: test_get_reading_israel[True-5757].31
  'מצורע'
# ---
# name: test_get_reading_israel[True-5757].32
  'none'
# ---
# name: test_get_reading_israel[True-5757].33
  'אחרי מות'
# ---
# name: test_get_reading_israel[True-5757].34
  'קדושים'
# ---
# name: test_get_reading_israel[True-5757].35
  'אמור'
# ---
# name: test_get_reading_israel[True-5757].36
  'בהר'
# ---
# name: test_get_reading_israel[True-5757].37
  'בחוקתי'
# ---
# name: test_get_reading_israel[True-5757].38
  'במדבר'
# ---
# name: test_get_reading_israel[True-5757].39
  'נשא'
# ---
# name: test_get_reading_israel[True-5757].4
  'בראשית'
# ---
# name: test_get_reading_israel[True-5757].40
  'בהעלתך'
# ---
# name: test_get_reading_israel[True-5757].41
  'שלח'
# ---
# name: test_get_reading_israel[True-5757].42
  'קרח'
# ---
# name: test_get_reading_israel[True-5757].43
  'חקת'
# ---
# name: test_get_reading_israel[True-5757].44
  'בלק'
# ---
# name: test_get_reading_israel[True-5757].45
  'פנחס'
# ---
# name: test_get_reading_israel[True-5757].46
  'מטות מסעי'
# ---
# name: test_get_reading_israel[True-5757].47
  'דברים'
# ---
# name: test_get_reading_israel[True-5757].48
  'ואתחנן'
# ---
# name: test_get_reading_israel[True-5757].49
  'עקב'
# ---
# name: test_get_reading_israel[True-5757].5
  'נח'
# ---
# name: test_get_reading_israel[True-5757].50
  'ראה'
# ---
# name: test_get_reading_israel[True-5757].51
  'שופטים'
# ---
# name: test_get_reading_israel[True-5757].52
  'כי תצא'
# ---
# name: test_get_reading_israel[True-5757].53
  'כי תבוא'
# ---
# name: test_get_reading_israel[True-5757].54
  'נצבים-וילך'
# ---
# name: test_get_reading_israel[True-5757].6
  'לך לך'
# ---
# name: test_get_reading_israel[True-5757].7
  'וירא'
# ---
# name: test_get_reading_israel[True-5757].8
  'חיי שרה'
# ---
# name: test_get_reading_israel[True-5757].9
  'תולדות'
# ---
# name: test_get_reading_israel[True-5761]
  'none'
# ---
# name: test_get_reading_israel[True-5761].1
  'האזינו'
# ---
# name: test_get_reading_israel[True-5761].10
  'ויצא'
# ---
# name: test_get_reading_israel[True-5761].11
  'וישלח'
# ---
# name: test_get_reading_israel[True-5761].12
  'וישב'
# ---
# name: test_get_reading_israel[True-5761].13
  'מקץ'
# ---
# name: test_get_reading_israel[True-5761].14
  'ויגש'
# ---
# name: test_get_reading_israel[True-5761].15
  'ויחי'
# ---
# name: test_get_reading_israel[True-5761].16
  'שמות'
# ---
# name: test_get_reading_israel[True-5761].17
  'וארא'
# ---
# name: test_get_reading_israel[True-5761].18
  'בא'
# ---
# name: test_get_reading_israel[True-5761].19
  'בשלח'
# ---
# name: test_get_reading_israel[True-5761].2
  'none'
# ---
# name: test_get_reading_israel[True-5761].20
  'יתרו'
# ---
# name: test_get_reading_israel[True-5761].21
  'משפטים'
# ---
# name: test_get_reading_israel[True-5761].22
  'תרומה'
# ---
# name: test_get_reading_israel[True-5761].23
  'תצוה'
# ---
# name: test_get_reading_israel[True-5761].24
  'כי תשא'
# ---
# name: test_get_reading_israel[True-5761].25
  'ויקהל-פקודי'
# ---
# name: test_get_reading_israel[True-5761].26
  'ויקרא'
# ---
# name: test_get_reading_israel[True-5761].27
  'צו'
# ---
# name: test_get_reading_israel[True-5761].28
  'none'
# ---
# name: test_get_reading_israel[True-5761].29
  'שמיני'
# ---
# name: test_get_reading_israel[True-5761].3
  'none'
# ---
# name: test_get_reading_israel[True-5761].30
  'תזריע-מצורע'
# ---
# name: test_get_reading_israel[True-5761].31
  'אחרי מות-קדושים'
# ---
# name: test_get_reading_israel[True-5761].32
  'אמור'
# ---
# name: test_get_reading_israel[True-5761].33
  'בהר-בחוקתי'
# ---
# name: test_get_reading_israel[True-5761].34
  'במדבר'
# ---
# name: test_get_reading_israel[True-5761].35
  'נשא'
# ---
# name: test_get_reading_israel[True-5761].36
  'בהעלתך'
# ---
# name: test_get_reading_israel[True-5761].37
  'שלח'
# ---
# name: test_get_reading_israel[True-5761].38
  'קרח'
# ---
# name: test_get_reading_israel[True-5761].39
  'חקת'
# ---
# name: test_get_reading_israel[True-5761].4
  'בראשית'
# ---
# name: test_get_reading_israel[True-5761].40
  'בלק'
# ---
# name: test_get_reading_israel[True-5761].41
  'פנחס'
# ---
# name: test_get_reading_israel[True-5761].42
  'מטות מסעי'
# ---
# name: test_get_reading_israel[True-5761].43
  'דברים'
# ---
# name: test_get_reading_israel[True-5761].44
  'ואתחנן'
# ---
# name: test_get_reading_israel[True-5761].45
  'עקב'
# ---
# name: test_get_reading_israel[True-5761].46
  'ראה'
# ---
# name: test_get_reading_israel[True-5761].47
  'שופטים'
# ---
# name: test_get_reading_israel[True-5761].48
  'כי תצא'
# ---
# name: test_get_reading_israel[True-5761].49
  'כי תבוא'
# ---
# name: test_get_reading_israel[True-5761].5
  'נח'
# ---
# name: test_get_reading_israel[True-5761].50
  'נצבים'
# ---
# name: test_get_reading_israel[True-5761].6
  'לך לך'
# ---
# name: test_get_reading_israel[True-5761].7
  'וירא'
# ---
# name: test_get_reading_israel[True-5761].8
  'חיי שרה'
# ---
# name: test_get_reading_israel[True-5761].9
  'תולדות'
# ---
# name: test_get_reading_israel[True-5763]
  'none'
# ---
# name: test_get_reading_israel[True-5763].1
  'האזינו'
# ---
# name: test_get_reading_israel[True-5763].10
  'ויצא'
# ---
# name: test_get_reading_israel[True-5763].11
  'וישלח'
# ---
# name: test_get_reading_israel[True-5763].12
  'וישב'
# ---
# name: test_get_reading_israel[True-5763].13
  'מקץ'
# ---
# name: test_get_reading_israel[True-5763].14
  'ויגש'
# ---
# name: test_get_reading_israel[True-5763].15
  'ויחי'
# ---
# name: test_get_reading_israel[True-5763].16
  'שמות'
# ---
# name: test_get_reading_israel[True-5763].17
  'וארא'
# ---
# name: test_get_reading_israel[True-5763].18
  'בא'
# ---
# name: test_get_reading_israel[True-5763].19
  'בשלח'
# ---
# name: test_get_reading_israel[True-5763].2
  'none'
# ---
# name: test_get_reading_israel[True-5763].20
  'יתרו'
# ---
# name: test_get_reading_israel[True-5763].21
  'משפטים'
# ---
# name: test_get_reading_israel[True-5763].22
  'תרומה'
# ---
# name: test_get_reading_israel[True-5763].23
  'תצוה'
# ---
# name: test_get_reading_israel[True-5763].24
  'כי תשא'
# ---
# name: test_get_reading_israel[True-5763].25
  'ויקהל'
# ---
# name: test_get_reading_israel[True-5763].26
  'פקודי'
# ---
# name: test_get_reading_israel[True-5763].27
  'ויקרא'
# ---
# name: test_get_reading_israel[True-5763].28
  'צו'
# ---
# name: test_get_reading_israel[True-5763].29
  'שמיני'
# ---
# name: test_get_reading_israel[True-5763].3
  'none'
# ---
# name: test_get_reading_israel[True-5763].30
  'תזריע'
# ---
# name: test_get_reading_israel[True-5763].31
  'מצורע'
# ---
# name: test_get_reading_israel[True-5763].32
  'none'
# ---
# name: test_get_reading_israel[True-5763].33
  'אחרי מות'
# ---
# name: test_get_reading_israel[True-5763].34
  'קדושים'
# ---
# name: test_get_reading_israel[True-5763].35
  'אמור'
# ---
# name: test_get_reading_israel[True-5763].36
  'בהר'
# ---
# name: test_get_reading_israel[True-5763].37
  'בחוקתי'
# ---
# name: test_get_reading_israel[True-5763].38
  'במדבר'
# ---
# name: test_get_reading_israel[True-5763].39
  'none'
# ---
# name: test_get_reading_israel[True-5763].4
  'בראשית'
# ---
# name: test_get_reading_israel[True-5763].40
  'נשא'
# ---
# name: test_get_reading_israel[True-5763].41
  'בהעלתך'
# ---
# name: test_get_reading_israel[True-5763].42
  'שלח'
# ---
# name: test_get_reading_israel[True-5763].43
  'קרח'
# ---
# name: test_get_reading_israel[True-5763].44
  'חוקת-בלק'
# ---
# name: test_get_reading_israel[True-5763].45
  'פנחס'
# ---
# name: test_get_reading_israel[True-5763].46
  'מטות מסעי'
# ---
# name: test_get_reading_israel[True-5763].47
  'דברים'
# ---
# name: test_get_reading_israel[True-5763].48
  'ואתחנן'
# ---
# name: test_get_reading_israel[True-5763].49
  'עקב'
# ---
# name: test_get_reading_israel[True-5763].5
  'נח'
# ---
# name: test_get_reading_israel[True-5763].50
  'ראה'
# ---
# name: test_get_reading_israel[True-5763].51
  'שופטים'
# ---
# name: test_get_reading_israel[True-5763].52
  'כי תצא'
# ---
# name: test_get_reading_israel[True-5763].53
  'כי תבוא'
# ---
# name: test_get_reading_israel[True-5763].54
  'נצבים-וילך'
# ---
# name: test_get_reading_israel[True-5763].6
  'לך לך'
# ---
# name: test_get_reading_israel[True-5763].7
  'וירא'
# ---
# name: test_get_reading_israel[True-5763].8
  'חיי שרה'
# ---
# name: test_get_reading_israel[True-5763].9
  'תולדות'
# ---
# name: test_get_reading_israel[True-5768]
  'האזינו'
# ---
# name: test_get_reading_israel[True-5768].1
  'none'
# ---
# name: test_get_reading_israel[True-5768].10
  'וישלח'
# ---
# name: test_get_reading_israel[True-5768].11
  'וישב'
# ---
# name: test_get_reading_israel[True-5768].12
  'מקץ'
# ---
# name: test_get_reading_israel[True-5768].13
  'ויגש'
# ---
# name: test_get_reading_israel[True-5768].14
  'ויחי'
# ---
# name: test_get_reading_israel[True-5768].15
  'שמות'
# ---
# name: test_get_reading_israel[True-5768].16
  'וארא'
# ---
# name: test_get_reading_israel[True-5768].17
  'בא'
# ---
# name: test_get_reading_israel[True-5768].18
  'בשלח'
# ---
# name: test_get_reading_israel[True-5768].19
  'יתרו'
# ---
# name: test_get_reading_israel[True-5768].2
  'none'
# ---
# name: test_get_reading_israel[True-5768].20
  'משפטים'
# ---
# name: test_get_reading_israel[True-5768].21
  'תרומה'
# ---
# name: test_get_reading_israel[True-5768].22
  'תצוה'
# ---
# name: test_get_reading_israel[True-5768].23
  'כי תשא'
# ---
# name: test_get_reading_israel[True-5768].24
  'ויקהל'
# ---
# name: test_get_reading_israel[True-5768].25
  'פקודי'
# ---
# name: test_get_reading_israel[True-5768].26
  'ויקרא'
# ---
# name: test_get_reading_israel[True-5768].27
  'צו'
# ---
# name: test_get_reading_israel[True-5768].28
  'שמיני'
# ---
# name: test_get_reading_israel[True-5768].29
  'תזריע'
# ---
# name: test_get_reading_israel[True-5768].3
  'בראשית'
# ---
# name: test_get_reading_israel[True-5768].30
  'מצורע'
# ---
# name: test_get_reading_israel[True-5768].31
  'אחרי מות'
# ---
# name: test_get_reading_israel[True-5768].32
  'none'
# ---
# name: test_get_reading_israel[True-5768].33
  'קדושים'
# ---
# name: test_get_reading_israel[True-5768].34
  'אמור'
# ---
# name: test_get_reading_israel[True-5768].35
  'בהר'
# ---
# name: test_get_reading_israel[True-5768].36
  'בחוקתי'
# ---
# name: test_get_reading_israel[True-5768].37
  'במדבר'
# ---
# name: test_get_reading_israel[True-5768].38
  'נשא'
# ---
# name: test_get_reading_israel[True-5768].39
  'בהעלתך'
# ---
# name: test_get_reading_israel[True-5768].4
  'נח'
# ---
# name: test_get_reading_israel[True-5768].40
  'שלח'
# ---
# name: test_get_reading_israel[True-5768].41
  'קרח'
# ---
# name: test_get_reading_israel[True-5768].42
  'חקת'
# ---
# name: test_get_reading_israel[True-5768].43
  'בלק'
# ---
# name: test_get_reading_israel[True-5768].44
  'פנחס'
# ---
# name: test_get_reading_israel[True-5768].45
  'מטות'
# ---
# name: test_get_reading_israel[True-5768].46
  'מסעי'
# ---
# name: test_get_reading_israel[True-5768].47
  'דברים'
# ---
# name: test_get_reading_israel[True-5768].48
  'ואתחנן'
# ---
# name: test_get_reading_israel[True-5768].49
  'עקב'
# ---
# name: test_get_reading_israel[True-5768].5
  'לך לך'
# ---
# name: test_get_reading_israel[True-5768].50
  'ראה'
# ---
# name: test_get_reading_israel[True-5768].51
  'שופטים'
# ---
# name: test_get_reading_israel[True-5768].52
  'כי תצא'
# ---
# name: test_get_reading_israel[True-5768].53
  'כי תבוא'
# ---
# name: test_get_reading_israel[True-5768].54
  'נצבים'
# ---
# name: test_get_reading_israel[True-5768].6
  'וירא'
# ---
# name: test_get_reading_israel[True-5768].7
  'חיי שרה'
# ---
# name: test_get_reading_israel[True-5768].8
  'תולדות'
# ---
# name: test_get_reading_israel[True-5768].9
  'ויצא'
# ---
# name: test_get_reading_israel[True-5769]
  'וילך'
# ---
# name: test_get_reading_israel[True-5769].1
  'האזינו'
# ---
# name: test_get_reading_israel[True-5769].10
  'וישלח'
# ---
# name: test_get_reading_israel[True-5769].11
  'וישב'
# ---
# name: test_get_reading_israel[True-5769].12
  'מקץ'
# ---
# name: test_get_reading_israel[True-5769].13
  'ויגש'
# ---
# name: test_get_reading_israel[True-5769].14
  'ויחי'
# ---
# name: test_get_reading_israel[True-5769].15
  'שמות'
# ---
# name: test_get_reading_israel[True-5769].16
  'וארא'
# ---
# name: test_get_reading_israel[True-5769].17
  'בא'
# ---
# name: test_get_reading_israel[True-5769].18
  'בשלח'
# ---
# name: test_get_reading_israel[True-5769].19
  'יתרו'
# ---
# name: test_get_reading_israel[True-5769].2
  'none'
# ---
# name: test_get_reading_israel[True-5769].20
  'משפטים'
# ---
# name: test_get_reading_israel[True-5769].21
  'תרומה'
# ---
# name: test_get_reading_israel[True-5769].22
  'תצוה'
# ---
# name: test_get_reading_israel[True-5769].23
  'כי תשא'
# ---
# name: test_get_reading_israel[True-5769].24
  'ויקהל-פקודי'
# ---
# name: test_get_reading_israel[True-5769].25
  'ויקרא'
# ---
# name: test_get_reading_israel[True-5769].26
  'צו'
# ---
# name: test_get_reading_israel[True-5769].27
  'none'
# ---
# name: test_get_reading_israel[True-5769].28
  'שמיני'
# ---
# name: test_get_reading_israel[True-5769].29
  'תזריע-מצורע'
# ---
# name: test_get_reading_israel[True-5769].3
  'בראשית'
# ---
# name: test_get_reading_israel[True-5769].30
  'אחרי מות-קדושים'
# ---
# name: test_get_reading_israel[True-5769].31
  'אמור'
# ---
# name: test_get_reading_israel[True-5769].32
  'בהר-בחוקתי'
# ---
# name: test_get_reading_israel[True-5769].33
  'במדבר'
# ---
# name: test_get_reading_israel[True-5769].34
  'none'
# ---
# name: test_get_reading_israel[True-5769].35
  'נשא'
# ---
# name: test_get_reading_israel[True-5769].36
  'בהעלתך'
# ---
# name: test_get_reading_israel[True-5769].37
  'שלח'
# ---
# name: test_get_reading_israel[True-5769].38
  'קרח'
# ---
# name: test_get_reading_israel[True-5769].39
  'חוקת-בלק'
# ---
# name: test_get_reading_israel[True-5769].4
  'נח'
# ---
# name: test_get_reading_israel[True-5769].40
  'פנחס'
# ---
# name: test_get_reading_israel[True-5769].41
  'מטות מסעי'
# ---
# name: test_get_reading_israel[True-5769].42
  'דברים'
# ---
# name: test_get_reading_israel[True-5769].43
  'ואתחנן'
# ---
# name: test_get_reading_israel[True-5769].44
  'עקב'
# ---
# name: test_get_reading_israel[True-5769].45
  'ראה'
# ---
# name: test_get_reading_israel[True-5769].46
  'שופטים'
# ---
# name: test_get_reading_israel[True-5769].47
  'כי תצא'
# ---
# name: test_get_reading_israel[True-5769].48
  'כי תבוא'
# ---
# name: test_get_reading_israel[True-5769].49
  'נצבים-וילך'
# ---
# name: test_get_reading_israel[True-5769].5
  'לך לך'
# ---
# name: test_get_reading_israel[True-5769].6
  'וירא'
# ---
# name: test_get_reading_israel[True-5769].7
  'חיי שרה'
# ---
# name: test_get_reading_israel[True-5769].8
  'תולדות'
# ---
# name: test_get_reading_israel[True-5769].9
  'ויצא'
# ---
# name: test_get_reading_israel[True-5770]
  'none'
# ---
# name: test_get_reading_israel[True-5770].1
  'האזינו'
# ---
# name: test_get_reading_israel[True-5770].10
  'ויצא'
# ---
# name: test_get_reading_israel[True-5770].11
  'וישלח'
# ---
# name: test_get_reading_israel[True-5770].12
  'וישב'
# ---
# name: test_get_reading_israel[True-5770].13
  'מקץ'
# ---
# name: test_get_reading_israel[True-5770].14
  'ויגש'
# ---
# name: test_get_reading_israel[True-5770].15
  'ויחי'
# ---
# name: test_get_reading_israel[True-5770].16
  'שמות'
# ---
# name: test_get_reading_israel[True-5770].17
  'וארא'
# ---
# name: test_get_reading_israel[True-5770].18
  'בא'
# ---
# name: test_get_reading_israel[True-5770].19
  'בשלח'
# ---
# name: test_get_reading_israel[True-5770].2
  'none'
# ---
# name: test_get_reading_israel[True-5770].20
  'יתרו'
# ---
# name: test_get_reading_israel[True-5770].21
  'משפטים'
# ---
# name: test_get_reading_israel[True-5770].22
  'תרומה'
# ---
# name: test_get_reading_israel[True-5770].23
  'תצוה'
# ---
# name: test_get_reading_israel[True-5770].24
  'כי תשא'
# ---
# name: test_get_reading_israel[True-5770].25
  'ויקהל-פקודי'
# ---
# name: test_get_reading_israel[True-5770].26
  'ויקרא'
# ---
# name: test_get_reading_israel[True-5770].27
  'צו'
# ---
# name: test_get_reading_israel[True-5770].28
  'none'
# ---
# name: test_get_reading_israel[True-5770].29
  'שמיני'
# ---
# name: test_get_reading_israel[True-5770].3
  'none'
# ---
# name: test_get_reading_israel[True-5770].30
  'תזריע-מצורע'
# ---
# name: test_get_reading_israel[True-5770].31
  'אחרי מות-קדושים'
# ---
# name: test_get_reading_israel[True-5770].32
  'אמור'
# ---
# name: test_get_reading_israel[True-5770].33
  'בהר-בחוקתי'
# ---
# name: test_get_reading_israel[True-5770].34
  'במדבר'
# ---
# name: test_get_reading_israel[True-5770].35
  'נשא'
# ---
# name: test_get_reading_israel[True-5770].36
  'בהעלתך'
# ---
# name: test_get_reading_israel[True-5770].37
  'שלח'
# ---
# name: test_get_reading_israel[True-5770].38
  'קרח'
# ---
# name: test_get_reading_israel[True-5770].39
  'חקת'
# ---
# name: test_get_reading_israel[True-5770].4
  'בראשית'
# ---
# name: test_get_reading_israel[True-5770].40
  'בלק'
# ---
# name: test_get_reading_israel[True-5770].41
  'פנחס'
# ---
# name: test_get_reading_israel[True-5770].42
  'מטות מסעי'
# ---
# name: test_get_reading_israel[True-5770].43
  'דברים'
# ---
# name: test_get_reading_israel[True-5770].44
  'ואתחנן'
# ---
# name: test_get_reading_israel[True-5770].45
  'עקב'
# ---
# name: test_get_reading_israel[True-5770].46
  'ראה'
# ---
# name: test_get_reading_israel[True-5770].47
  'שופטים'
# ---
# name: test_get_reading_israel[True-5770].48
  'כי תצא'
# ---
# name: test_get_reading_israel[True-5770].49
  'כי תבוא'
# ---
# name: test_get_reading_israel[True-5770].5
  'נח'
# ---
# name: test_get_reading_israel[True-5770].50
  'נצבים-וילך'
# ---
# name: test_get_reading_israel[True-5770].6
  'לך לך'
# ---
# name: test_get_reading_israel[True-5770].7
  'וירא'
# ---
# name: test_get_reading_israel[True-5770].8
  'חיי שרה'
# ---
# name: test_get_reading_israel[True-5770].9
  'תולדות'
# ---
# name: test_get_reading_israel[True-5774]
  'האזינו'
# ---
# name: test_get_reading_israel[True-5774].1
  'none'
# ---
# name: test_get_reading_israel[True-5774].10
  'וישלח'
# ---
# name: test_get_reading_israel[True-5774].11
  'וישב'
# ---
# name: test_get_reading_israel[True-5774].12
  'מקץ'
# ---
# name: test_get_reading_israel[True-5774].13
  'ויגש'
# ---
# name: test_get_reading_israel[True-5774].14
  'ויחי'
# ---
# name: test_get_reading_israel[True-5774].15
  'שמות'
# ---
# name: test_get_reading_israel[True-5774].16
  'וארא'
# ---
# name: test_get_reading_israel[True-5774].17
  'בא'
# ---
# name: test_get_reading_israel[True-5774].18
  'בשלח'
# ---
# name: test_get_reading_israel[True-5774].19
  'יתרו'
# ---
# name: test_get_reading_israel[True-5774].2
  'none'
# ---
# name: test_get_reading_israel[True-5774].20
  'משפטים'
# ---
# name: test_get_reading_israel[True-5774].21
  'תרומה'
# ---
# name: test_get_reading_israel[True-5774].22
  'תצוה'
# ---
# name: test_get_reading_israel[True-5774].23
  'כי תשא'
# ---
# name: test_get_reading_israel[True-5774].24
  'ויקהל'
# ---
# name: test_get_reading_israel[True-5774].25
  'פקודי'
# ---
# name: test_get_reading_israel[True-5774].26
  'ויקרא'
# ---
# name: test_get_reading_israel[True-5774].27
  'צו'
# ---
# name: test_get_reading_israel[True-5774].28
  'שמיני'
# ---
# name: test_get_reading_israel[True-5774].29
  'תזריע'
# ---
# name: test_get_reading_israel[True-5774].3
  'בראשית'
# ---
# name: test_get_reading_israel[True-5774].30
  'מצורע'
# ---
# name: test_get_reading_israel[True-5774].31
  'אחרי מות'
# ---
# name: test_get_reading_israel[True-5774].32
  'none'
# ---
# name: test_get_reading_israel[True-5774].33
  'קדושים'
# ---
# name: test_get_reading_israel[True-5774].34
  'אמור'
# ---
# name: test_get_reading_israel[True-5774].35
  'בהר'
# ---
# name: test_get_reading_israel[True-5774].36
  'בחוקתי'
# ---
# name: test_get_reading_israel[True-5774].37
  'במדבר'
# ---
# name: test_get_reading_israel[True-5774].38
  'נשא'
# ---
# name: test_get_reading_israel[True-5774].39
  'בהעלתך'
# ---
# name: test_get_reading_israel[True-5774].4
  'נח'
# ---
# name: test_get_reading_israel[True-5774].40
  'שלח'
# ---
# name: test_get_reading_israel[True-5774].41
  'קרח'
# ---
# name: test_get_reading_israel[True-5774].42
  'חקת'
# ---
# name: test_get_reading_israel[True-5774].43
  'בלק'
# ---
# name: test_get_reading_israel[True-5774].44
  'פנחס'
# ---
# name: test_get_reading_israel[True-5774].45
  'מטות'
# ---
# name: test_get_reading_israel[True-5774].46
  'מסעי'
# ---
# name: test_get_reading_israel[True-5774].47
  'דברים'
# ---
# name: test_get_reading_israel[True-5774].48
  'ואתחנן'
# ---
# name: test_get_reading_israel[True-5774].49
  'עקב'
# ---
# name: test_get_reading_israel[True-5774].5
  'לך לך'
# ---
# name: test_get_reading_israel[True-5774].50
  'ראה'
# ---
# name: test_get_reading_israel[True-5774].51
  'שופטים'
# ---
# name: test_get_reading_israel[True-5774].52
  'כי תצא'
# ---
# name: test_get_reading_israel[True-5774].53
  'כי תבוא'
# ---
# name: test_get_reading_israel[True-5774].54
  'נצבים-וילך'
# ---
# name: test_get_reading_israel[True-5774].6
  'וירא'
# ---
# name: test_get_reading_israel[True-5774].7
  'חיי שרה'
# ---
# name: test_get_reading_israel[True-5774].8
  'תולדות'
# ---
# name: test_get_reading_israel[True-5774].9
  'ויצא'
# ---
# name: test_get_reading_israel[True-5775]
  'האזינו'
# ---
# name: test_get_reading_israel[True-5775].1
  'none'
# ---
# name: test_get_reading_israel[True-5775].10
  'וישלח'
# ---
# name: test_get_reading_israel[True-5775].11
  'וישב'
# ---
# name: test_get_reading_israel[True-5775].12
  'מקץ'
# ---
# name: test_get_reading_israel[True-5775].13
  'ויגש'
# ---
# name: test_get_reading_israel[True-5775].14
  'ויחי'
# ---
# name: test_get_reading_israel[True-5775].15
  'שמות'
# ---
# name: test_get_reading_israel[True-5775].16
  'וארא'
# ---
# name: test_get_reading_israel[True-5775].17
  'בא'
# ---
# name: test_get_reading_israel[True-5775].18
  'בשלח'
# ---
# name: test_get_reading_israel[True-5775].19
  'יתרו'
# ---
# name: test_get_reading_israel[True-5775].2
  'none'
# ---
# name: test_get_reading_israel[True-5775].20
  'משפטים'
# ---
# name: test_get_reading_israel[True-5775].21
  'תרומה'
# ---
# name: test_get_reading_israel[True-5775].22
  'תצוה'
# ---
# name: test_get_reading_israel[True-5775].23
  'כי תשא'
# ---
# name: test_get_reading_israel[True-5775].24
  'ויקהל-פקודי'
# ---
# name: test_get_reading_israel[True-5775].25
  'ויקרא'
# ---
# name: test_get_reading_israel[True-5775].26
  'צו'
# ---
# name: test_get_reading_israel[True-5775].27
  'none'
# ---
# name: test_get_reading_israel[True-5775].28
  'none'
# ---
# name: test_get_reading_israel[True-5775].29
  'שמיני'
# ---
# name: test_get_reading_israel[True-5775].3
  'בראשית'
# ---
# name: test_get_reading_israel[True-5775].30
  'תזריע-מצורע'
# ---
# name: test_get_reading_israel[True-5775].31
  'אחרי מות-קדושים'
# ---
# name: test_get_reading_israel[True-5775].32
  'אמור'
# ---
# name: test_get_reading_israel[True-5775].33
  'בהר-בחוקתי'
# ---
# name: test_get_reading_israel[True-5775].34
  'במדבר'
# ---
# name: test_get_reading_israel[True-5775].35
  'נשא'
# ---
# name: test_get_reading_israel[True-5775].36
  'בהעלתך'
# ---
# name: test_get_reading_israel[True-5775].37
  'שלח'
# ---
# name: test_get_reading_israel[True-5775].38
  'קרח'
# ---
# name: test_get_reading_israel[True-5775].39
  'חקת'
# ---
# name: test_get_reading_israel[True-5775].4
  'נח'
# ---
# name: test_get_reading_israel[True-5775].40
  'בלק'
# ---
# name: test_get_reading_israel[True-5775].41
  'פנחס'
# ---
# name: test_get_reading_israel[True-5775].42
  'מטות מסעי'
# ---
# name: test_get_reading_israel[True-5775].43
  'דברים'
# ---
# name: test_get_reading_israel[True-5775].44
  'ואתחנן'
# ---
# name: test_get_reading_israel[True-5775].45
  'עקב'
# ---
# name: test_get_reading_israel[True-5775].46
  'ראה'
# ---
# name: test_get_reading_israel[True-5775].47
  'שופטים'
# ---
# name: test_get_reading_israel[True-5775].48
  'כי תצא'
# ---
# name: test_get_reading_israel[True-5775].49
  'כי תבוא'
# ---
# name: test_get_reading_israel[True-5775].5
  'לך לך'
# ---
# name: test_get_reading_israel[True-5775].50
  'נצבים'
# ---
# name: test_get_reading_israel[True-5775].6
  'וירא'
# ---
# name: test_get_reading_israel[True-5775].7
  'חיי שרה'
# ---
# name: test_get_reading_israel[True-5775].8
  'תולדות'
# ---
# name: test_get_reading_israel[True-5775].9
  'ויצא'
# ---
# name: test_get_reading_israel[True-5776]
  'וילך'
# ---
# name: test_get_reading_israel[True-5776].1
  'האזינו'
# ---
# name: test_get_reading_israel[True-5776].10
  'וישלח'
# ---
# name: test_get_reading_israel[True-5776].11
  'וישב'
# ---
# name: test_get_reading_israel[True-5776].12
  'מקץ'
# ---
# name: test_get_reading_israel[True-5776].13
  'ויגש'
# ---
# name: test_get_reading_israel[True-5776].14
  'ויחי'
# ---
# name: test_get_reading_israel[True-5776].15
  'שמות'
# ---
# name: test_get_reading_israel[True-5776].16
  'וארא'
# ---
# name: test_get_reading_israel[True-5776].17
  'בא'
# ---
# name: test_get_reading_israel[True-5776].18
  'בשלח'
# ---
# name: test_get_reading_israel[True-5776].19
  'יתרו'
# ---
# name: test_get_reading_israel[True-5776].2
  'none'
# ---
# name: test_get_reading_israel[True-5776].20
  'משפטים'
# ---
# name: test_get_reading_israel[True-5776].21
  'תרומה'
# ---
# name: test_get_reading_israel[True-5776].22
  'תצוה'
# ---
# name: test_get_reading_israel[True-5776].23
  'כי תשא'
# ---
# name: test_get_reading_israel[True-5776].24
  'ויקהל'
# ---
# name: test_get_reading_israel[True-5776].25
  'פקודי'
# ---
# name: test_get_reading_israel[True-5776].26
  'ויקרא'
# ---
# name: test_get_reading_israel[True-5776].27
  'צו'
# ---
# name: test_get_reading_israel[True-5776].28
  'שמיני'
# ---
# name: test_get_reading_israel[True-5776].29
  'תזריע'
# ---
# name: test_get_reading_israel[True-5776].3
  'בראשית'
# ---
# name: test_get_reading_israel[True-5776].30
  'מצורע'
# ---
# name: test_get_reading_israel[True-5776].31
  'none'
# ---
# name: test_get_reading_israel[True-5776].32
  'none'
# ---
# name: test_get_reading_israel[True-5776].33
  'אחרי מות'
# ---
# name: test_get_reading_israel[True-5776].34
  'קדושים'
# ---
# name: test_get_reading_israel[True-5776].35
  'אמור'
# ---
# name: test_get_reading_israel[True-5776].36
  'בהר'
# ---
# name: test_get_reading_israel[True-5776].37
  'בחוקתי'
# ---
# name: test_get_reading_israel[True-5776].38
  'במדבר'
# ---
# name: test_get_reading_israel[True-5776].39
  'נשא'
# ---
# name: test_get_reading_israel[True-5776].4
  'נח'
# ---
# name: test_get_reading_israel[True-5776].40
  'בהעלתך'
# ---
# name: test_get_reading_israel[True-5776].41
  'שלח'
# ---
# name: test_get_reading_israel[True-5776].42
  'קרח'
# ---
# name: test_get_reading_israel[True-5776].43
  'חקת'
# ---
# name: test_get_reading_israel[True-5776].44
  'בלק'
# ---
# name: test_get_reading_israel[True-5776].45
  'פנחס'
# ---
# name: test_get_reading_israel[True-5776].46
  'מטות מסעי'
# ---
# name: test_get_reading_israel[True-5776].47
  'דברים'
# ---
# name: test_get_reading_israel[True-5776].48
  'ואתחנן'
# ---
# name: test_get_reading_israel[True-5776].49
  'עקב'
# ---
# name: test_get_reading_israel[True-5776].5
  'לך לך'
# ---
# name: test_get_reading_israel[True-5776].50
  'ראה'
# ---
# name: test_get_reading_israel[True-5776].51
  'שופטים'
# ---
# name: test_get_reading_israel[True-5776].52
  'כי תצא'
# ---
# name: test_get_reading_israel[True-5776].53
  'כי תבוא'
# ---
# name: test_get_reading_israel[True-5776].54
  'נצבים'
# ---
# name: test_get_reading_israel[True-5776].6
  'וירא'
# ---
# name: test_get_reading_israel[True-5776].7
  'חיי שרה'
# ---
# name: test_get_reading_israel[True-5776].8
  'תולדות'
# ---
# name: test_get_reading_israel[True-5776].9
  'ויצא'
# ---
# name: test_get_reading_israel[True-5777]
  'וילך'
# ---
# name: test_get_reading_israel[True-5777].1
  'האזינו'
# ---
# name: test_get_reading_israel[True-5777].10
  'וישלח'
# ---
# name: test_get_reading_israel[True-5777].11
  'וישב'
# ---
# name: test_get_reading_israel[True-5777].12
  'מקץ'
# ---
# name: test_get_reading_israel[True-5777].13
  'ויגש'
# ---
# name: test_get_reading_israel[True-5777].14
  'ויחי'
# ---
# name: test_get_reading_israel[True-5777].15
  'שמות'
# ---
# name: test_get_reading_israel[True-5777].16
  'וארא'
# ---
# name: test_get_reading_israel[True-5777].17
  'בא'
# ---
# name: test_get_reading_israel[True-5777].18
  'בשלח'
# ---
# name: test_get_reading_israel[True-5777].19
  'יתרו'
# ---
# name: test_get_reading_israel[True-5777].2
  'none'
# ---
# name: test_get_reading_israel[True-5777].20
  'משפטים'
# ---
# name: test_get_reading_israel[True-5777].21
  'תרומה'
# ---
# name: test_get_reading_israel[True-5777].22
  'תצוה'
# ---
# name: test_get_reading_israel[True-5777].23
  'כי תשא'
# ---
# name: test_get_reading_israel[True-5777].24
  'ויקהל-פקודי'
# ---
# name: test_get_reading_israel[True-5777].25
  'ויקרא'
# ---
# name: test_get_reading_israel[True-5777].26
  'צו'
# ---
# name: test_get_reading_israel[True-5777].27
  'none'
# ---
# name: test_get_reading_israel[True-5777].28
  'שמיני'
# ---
# name: test_get_reading_israel[True-5777].29
  'תזריע-מצורע'
# ---
# name: test_get_reading_israel[True-5777].3
  'בראשית'
# ---
# name: test_get_reading_israel[True-5777].30
  'אחרי מות-קדושים'
# ---
# name: test_get_reading_israel[True-5777].31
  'אמור'
# ---
# name: test_get_reading_israel[True-5777].32
  'בהר-בחוקתי'
# ---
# name: test_get_reading_israel[True-5777].33
  'במדבר'
# ---
# name: test_get_reading_israel[True-5777].34
  'נשא'
# ---
# name: test_get_reading_israel[True-5777].35
  'בהעלתך'
# ---
# name: test_get_reading_israel[True-5777].36
  'שלח'
# ---
# name: test_get_reading_israel[True-5777].37
  'קרח'
# ---
# name: test_get_reading_israel[True-5777].38
  'חקת'
# ---
# name: test_get_reading_israel[True-5777].39
  'בלק'
# ---
# name: test_get_reading_israel[True-5777].4
  'נח'
# ---
# name: test_get_reading_israel[True-5777].40
  'פנחס'
# ---
# name: test_get_reading_israel[True-5777].41
  'מטות מסעי'
# ---
# name: test_get_reading_israel[True-5777].42
  'דברים'
# ---
# name: test_get_reading_israel[True-5777].43
  'ואתחנן'
# ---
# name: test_get_reading_israel[True-5777].44
  'עקב'
# ---
# name: test_get_reading_israel[True-5777].45
  'ראה'
# ---
# name: test_get_reading_israel[True-5777].46
  'שופטים'
# ---
# name: test_get_reading_israel[True-5777].47
  'כי תצא'
# ---
# name: test_get_reading_israel[True-5777].48
  'כי תבוא'
# ---
# name: test_get_reading_israel[True-5777].49
  'נצבים-וילך'
# ---
# name: test_get_reading_israel[True-5777].5
  'לך לך'
# ---
# name: test_get_reading_israel[True-5777].6
  'וירא'
# ---
# name: test_get_reading_israel[True-5777].7
  'חיי שרה'
# ---
# name: test_get_reading_israel[True-5777].8
  'תולדות'
# ---
# name: test_get_reading_israel[True-5777].9
  'ויצא'
# ---
# name: test_get_reading_israel[True-5778]
  'האזינו'
# ---
# name: test_get_reading_israel[True-5778].1
  'none'
# ---
# name: test_get_reading_israel[True-5778].10
  'וישלח'
# ---
# name: test_get_reading_israel[True-5778].11
  'וישב'
# ---
# name: test_get_reading_israel[True-5778].12
  'מקץ'
# ---
# name: test_get_reading_israel[True-5778].13
  'ויגש'
# ---
# name: test_get_reading_israel[True-5778].14
  'ויחי'
# ---
# name: test_get_reading_israel[True-5778].15
  'שמות'
# ---
# name: test_get_reading_israel[True-5778].16
  'וארא'
# ---
# name: test_get_reading_israel[True-5778].17
  'בא'
# ---
# name: test_get_reading_israel[True-5778].18
  'בשלח'
# ---
# name: test_get_reading_israel[True-5778].19
  'יתרו'
# ---
# name: test_get_reading_israel[True-5778].2
  'none'
# ---
# name: test_get_reading_israel[True-5778].20
  'משפטים'
# ---
# name: test_get_reading_israel[True-5778].21
  'תרומה'
# ---
# name: test_get_reading_israel[True-5778].22
  'תצוה'
# ---
# name: test_get_reading_israel[True-5778].23
  'כי תשא'
# ---
# name: test_get_reading_israel[True-5778].24
  'ויקהל-פקודי'
# ---
# name: test_get_reading_israel[True-5778].25
  'ויקרא'
# ---
# name: test_get_reading_israel[True-5778].26
  'צו'
# ---
# name: test_get_reading_israel[True-5778].27
  'none'
# ---
# name: test_get_reading_israel[True-5778].28
  'none'
# ---
# name: test_get_reading_israel[True-5778].29
  'שמיני'
# ---
# name: test_get_reading_israel[True-5778].3
  'בראשית'
# ---
# name: test_get_reading_israel[True-5778].30
  'תזריע-מצורע'
# ---
# name: test_get_reading_israel[True-5778].31
  'אחרי מות-קדושים'
# ---
# name: test_get_reading_israel[True-5778].32
  'אמור'
# ---
# name: test_get_reading_israel[True-5778].33
  'בהר-בחוקתי'
# ---
# name: test_get_reading_israel[True-5778].34
  'במדבר'
# ---
# name: test_get_reading_israel[True-5778].35
  'נשא'
# ---
# name: test_get_reading_israel[True-5778].36
  'בהעלתך'
# ---
# name: test_get_reading_israel[True-5778].37
  'שלח'
# ---
# name: test_get_reading_israel[True-5778].38
  'קרח'
# ---
# name: test_get_reading_israel[True-5778].39
  'חקת'
# ---
# name: test_get_reading_israel[True-5778].4
  'נח'
# ---
# name: test_get_reading_israel[True-5778].40
  'בלק'
# ---
# name: test_get_reading_israel[True-5778].41
  'פנחס'
# ---
# name: test_get_reading_israel[True-5778].42
  'מטות מסעי'
# ---
# name: test_get_reading_israel[True-5778].43
  'דברים'
# ---
# name: test_get_reading_israel[True-5778].44
  'ואתחנן'
# ---
# name: test_get_reading_israel[True-5778].45
  'עקב'
# ---
# name: test_get_reading_israel[True-5778].46
  'ראה'
# ---
# name: test_get_reading_israel[True-5778].47
  'שופטים'
# ---
# name: test_get_reading_israel[True-5778].48
  'כי תצא'
# ---
# name: test_get_reading_israel[True-5778].49
  'כי תבוא'
# ---
# name: test_get_reading_israel[True-5778].5
  'לך לך'
# ---
# name: test_get_reading_israel[True-5778].50
  'נצבים'
# ---
# name: test_get_reading_israel[True-5778].6
  'וירא'
# ---
# name: test_get_reading_israel[True-5778].7
  'חיי שרה'
# ---
# name: test_get_reading_israel[True-5778].8
  'תולדות'
# ---
# name: test_get_reading_israel[True-5778].9
  'ויצא'
# ---
